Command line invocation:
    /Applications/Xcode_26.6.app/Contents/Developer/usr/bin/xcodebuild -project SarahIA.xcodeproj -scheme SarahIA -configuration Release -sdk iphoneos -derivedDataPath /Users/runner/work/SarahAI/SarahAI/DerivedData CODE_SIGNING_ALLOWED=NO CODE_SIGNING_REQUIRED=NO CODE_SIGN_IDENTITY= AD_HOC_CODE_SIGNING_ALLOWED=YES COMPILER_INDEX_STORE_ENABLE=NO SWIFT_TREAT_WARNINGS_AS_ERRORS=NO build

Build settings from command line:
    AD_HOC_CODE_SIGNING_ALLOWED = YES
    CODE_SIGN_IDENTITY = 
    CODE_SIGNING_ALLOWED = NO
    CODE_SIGNING_REQUIRED = NO
    COMPILER_INDEX_STORE_ENABLE = NO
    SDKROOT = iphoneos26.5
    SWIFT_TREAT_WARNINGS_AS_ERRORS = NO

--- xcodebuild: WARNING: Using the first of multiple matching destinations:
{ platform:iOS, id:dvtdevice-DVTiPhonePlaceholder-iphoneos:placeholder, name:Any iOS Device }
{ platform:macOS, arch:arm64, variant:Designed for [iPad,iPhone], id:cc643b12d72098214651c47d4146a5bfb28e5890, name:My Mac }
{ platform:iOS Simulator, id:dvtdevice-DVTiOSDeviceSimulatorPlaceholder-iphonesimulator:placeholder, name:Any iOS Simulator Device }
note: Using codesigning identity override: 
ComputePackagePrebuildTargetDependencyGraph

Prepare packages

CreateBuildRequest

SendProjectDescription

CreateBuildOperation

ComputeTargetDependencyGraph
note: Building targets in dependency order
note: Target dependency graph (1 target)
    Target 'SarahIA' in project 'SarahIA' (no dependencies)

GatherProvisioningInputs

CreateBuildDescription

ExecuteExternalTool /Applications/Xcode_26.6.app/Contents/Developer/usr/bin/actool --print-asset-tag-combinations --output-format xml1 /Users/runner/work/SarahAI/SarahAI/SarahIA/SarahIA/Assets.xcassets

ExecuteExternalTool /Applications/Xcode_26.6.app/Contents/Developer/Toolchains/XcodeDefault.xctoolchain/usr/bin/clang -v -E -dM -isysroot /Applications/Xcode_26.6.app/Contents/Developer/Platforms/iPhoneOS.platform/Developer/SDKs/iPhoneOS26.5.sdk -x c -c /dev/null

ExecuteExternalTool /Applications/Xcode_26.6.app/Contents/Developer/usr/bin/actool --version --output-format xml1

ExecuteExternalTool /Applications/Xcode_26.6.app/Contents/Developer/Toolchains/XcodeDefault.xctoolchain/usr/bin/swiftc --version

ExecuteExternalTool /Applications/Xcode_26.6.app/Contents/Developer/Toolchains/XcodeDefault.xctoolchain/usr/bin/ld -version_details

Build description signature: bf02c019add9ae8281547d29c4948391
Build description path: /Users/runner/work/SarahAI/SarahAI/DerivedData/Build/Intermediates.noindex/XCBuildData/bf02c019add9ae8281547d29c4948391.xcbuilddata
CreateBuildDirectory /Users/runner/work/SarahAI/SarahAI/DerivedData/Build/Products
    cd /Users/runner/work/SarahAI/SarahAI/SarahIA/SarahIA.xcodeproj
    builtin-create-build-directory /Users/runner/work/SarahAI/SarahAI/DerivedData/Build/Products

CreateBuildDirectory /Users/runner/work/SarahAI/SarahAI/DerivedData/Build/Intermediates.noindex
    cd /Users/runner/work/SarahAI/SarahAI/SarahIA/SarahIA.xcodeproj
    builtin-create-build-directory /Users/runner/work/SarahAI/SarahAI/DerivedData/Build/Intermediates.noindex

ClangStatCache /Applications/Xcode_26.6.app/Contents/Developer/Toolchains/XcodeDefault.xctoolchain/usr/bin/clang-stat-cache /Applications/Xcode_26.6.app/Contents/Developer/Platforms/iPhoneOS.platform/Developer/SDKs/iPhoneOS26.5.sdk /Users/runner/work/SarahAI/SarahAI/DerivedData/SDKStatCaches.noindex/iphoneos26.5-23F81a-688ef53f1462e2c8f657fdc38a81448fee66e23052a0157c865c76b268046726.sdkstatcache
    cd /Users/runner/work/SarahAI/SarahAI/SarahIA/SarahIA.xcodeproj
    /Applications/Xcode_26.6.app/Contents/Developer/Toolchains/XcodeDefault.xctoolchain/usr/bin/clang-stat-cache /Applications/Xcode_26.6.app/Contents/Developer/Platforms/iPhoneOS.platform/Developer/SDKs/iPhoneOS26.5.sdk -o /Users/runner/work/SarahAI/SarahAI/DerivedData/SDKStatCaches.noindex/iphoneos26.5-23F81a-688ef53f1462e2c8f657fdc38a81448fee66e23052a0157c865c76b268046726.sdkstatcache

WriteAuxiliaryFile /Users/runner/work/SarahAI/SarahAI/DerivedData/Build/Intermediates.noindex/SarahIA.build/Release-iphoneos/SarahIA-d4be73999236efae0f132bad17867f14-VFS-iphoneos/all-product-headers.yaml
    cd /Users/runner/work/SarahAI/SarahAI/SarahIA/SarahIA.xcodeproj
    write-file /Users/runner/work/SarahAI/SarahAI/DerivedData/Build/Intermediates.noindex/SarahIA.build/Release-iphoneos/SarahIA-d4be73999236efae0f132bad17867f14-VFS-iphoneos/all-product-headers.yaml

CreateBuildDirectory /Users/runner/work/SarahAI/SarahAI/DerivedData/Build/Products/Release-iphoneos
    cd /Users/runner/work/SarahAI/SarahAI/SarahIA/SarahIA.xcodeproj
    builtin-create-build-directory /Users/runner/work/SarahAI/SarahAI/DerivedData/Build/Products/Release-iphoneos

CreateBuildDirectory /Users/runner/work/SarahAI/SarahAI/DerivedData/Build/Intermediates.noindex/SwiftExplicitPrecompiledModules
    cd /Users/runner/work/SarahAI/SarahAI/SarahIA/SarahIA.xcodeproj
    builtin-create-build-directory /Users/runner/work/SarahAI/SarahAI/DerivedData/Build/Intermediates.noindex/SwiftExplicitPrecompiledModules

CreateBuildDirectory /Users/runner/work/SarahAI/SarahAI/DerivedData/Build/Intermediates.noindex/ExplicitPrecompiledModules
    cd /Users/runner/work/SarahAI/SarahAI/SarahIA/SarahIA.xcodeproj
    builtin-create-build-directory /Users/runner/work/SarahAI/SarahAI/DerivedData/Build/Intermediates.noindex/ExplicitPrecompiledModules

CreateBuildDirectory /Users/runner/work/SarahAI/SarahAI/DerivedData/Build/Intermediates.noindex/EagerLinkingTBDs/Release-iphoneos
    cd /Users/runner/work/SarahAI/SarahAI/SarahIA/SarahIA.xcodeproj
    builtin-create-build-directory /Users/runner/work/SarahAI/SarahAI/DerivedData/Build/Intermediates.noindex/EagerLinkingTBDs/Release-iphoneos

WriteAuxiliaryFile /Users/runner/work/SarahAI/SarahAI/DerivedData/Build/Intermediates.noindex/SarahIA.build/Release-iphoneos/SarahIA.build/SarahIA.hmap (in target 'SarahIA' from project 'SarahIA')
    cd /Users/runner/work/SarahAI/SarahAI/SarahIA
    write-file /Users/runner/work/SarahAI/SarahAI/DerivedData/Build/Intermediates.noindex/SarahIA.build/Release-iphoneos/SarahIA.build/SarahIA.hmap

WriteAuxiliaryFile /Users/runner/work/SarahAI/SarahAI/DerivedData/Build/Intermediates.noindex/SarahIA.build/Release-iphoneos/SarahIA.build/SarahIA.DependencyStaticMetadataFileList (in target 'SarahIA' from project 'SarahIA')
    cd /Users/runner/work/SarahAI/SarahAI/SarahIA
    write-file /Users/runner/work/SarahAI/SarahAI/DerivedData/Build/Intermediates.noindex/SarahIA.build/Release-iphoneos/SarahIA.build/SarahIA.DependencyStaticMetadataFileList

WriteAuxiliaryFile /Users/runner/work/SarahAI/SarahAI/DerivedData/Build/Intermediates.noindex/SarahIA.build/Release-iphoneos/SarahIA.build/SarahIA.DependencyMetadataFileList (in target 'SarahIA' from project 'SarahIA')
    cd /Users/runner/work/SarahAI/SarahAI/SarahIA
    write-file /Users/runner/work/SarahAI/SarahAI/DerivedData/Build/Intermediates.noindex/SarahIA.build/Release-iphoneos/SarahIA.build/SarahIA.DependencyMetadataFileList

WriteAuxiliaryFile /Users/runner/work/SarahAI/SarahAI/DerivedData/Build/Intermediates.noindex/SarahIA.build/Release-iphoneos/SarahIA.build/SarahIA-project-headers.hmap (in target 'SarahIA' from project 'SarahIA')
    cd /Users/runner/work/SarahAI/SarahAI/SarahIA
    write-file /Users/runner/work/SarahAI/SarahAI/DerivedData/Build/Intermediates.noindex/SarahIA.build/Release-iphoneos/SarahIA.build/SarahIA-project-headers.hmap

WriteAuxiliaryFile /Users/runner/work/SarahAI/SarahAI/DerivedData/Build/Intermediates.noindex/SarahIA.build/Release-iphoneos/SarahIA.build/SarahIA-own-target-headers.hmap (in target 'SarahIA' from project 'SarahIA')
    cd /Users/runner/work/SarahAI/SarahAI/SarahIA
    write-file /Users/runner/work/SarahAI/SarahAI/DerivedData/Build/Intermediates.noindex/SarahIA.build/Release-iphoneos/SarahIA.build/SarahIA-own-target-headers.hmap

WriteAuxiliaryFile /Users/runner/work/SarahAI/SarahAI/DerivedData/Build/Intermediates.noindex/SarahIA.build/Release-iphoneos/SarahIA.build/SarahIA-generated-files.hmap (in target 'SarahIA' from project 'SarahIA')
    cd /Users/runner/work/SarahAI/SarahAI/SarahIA
    write-file /Users/runner/work/SarahAI/SarahAI/DerivedData/Build/Intermediates.noindex/SarahIA.build/Release-iphoneos/SarahIA.build/SarahIA-generated-files.hmap

WriteAuxiliaryFile /Users/runner/work/SarahAI/SarahAI/DerivedData/Build/Intermediates.noindex/SarahIA.build/Release-iphoneos/SarahIA.build/SarahIA-all-target-headers.hmap (in target 'SarahIA' from project 'SarahIA')
    cd /Users/runner/work/SarahAI/SarahAI/SarahIA
    write-file /Users/runner/work/SarahAI/SarahAI/DerivedData/Build/Intermediates.noindex/SarahIA.build/Release-iphoneos/SarahIA.build/SarahIA-all-target-headers.hmap

WriteAuxiliaryFile /Users/runner/work/SarahAI/SarahAI/DerivedData/Build/Intermediates.noindex/SarahIA.build/Release-iphoneos/SarahIA.build/SarahIA-all-non-framework-target-headers.hmap (in target 'SarahIA' from project 'SarahIA')
    cd /Users/runner/work/SarahAI/SarahAI/SarahIA
    write-file /Users/runner/work/SarahAI/SarahAI/DerivedData/Build/Intermediates.noindex/SarahIA.build/Release-iphoneos/SarahIA.build/SarahIA-all-non-framework-target-headers.hmap

WriteAuxiliaryFile /Users/runner/work/SarahAI/SarahAI/DerivedData/Build/Intermediates.noindex/SarahIA.build/Release-iphoneos/SarahIA.build/Objects-normal/arm64/SarahIA_const_extract_protocols.json (in target 'SarahIA' from project 'SarahIA')
    cd /Users/runner/work/SarahAI/SarahAI/SarahIA
    write-file /Users/runner/work/SarahAI/SarahAI/DerivedData/Build/Intermediates.noindex/SarahIA.build/Release-iphoneos/SarahIA.build/Objects-normal/arm64/SarahIA_const_extract_protocols.json

WriteAuxiliaryFile /Users/runner/work/SarahAI/SarahAI/DerivedData/Build/Intermediates.noindex/SarahIA.build/Release-iphoneos/SarahIA.build/Objects-normal/arm64/SarahIA.SwiftFileList (in target 'SarahIA' from project 'SarahIA')
    cd /Users/runner/work/SarahAI/SarahAI/SarahIA
    write-file /Users/runner/work/SarahAI/SarahAI/DerivedData/Build/Intermediates.noindex/SarahIA.build/Release-iphoneos/SarahIA.build/Objects-normal/arm64/SarahIA.SwiftFileList

WriteAuxiliaryFile /Users/runner/work/SarahAI/SarahAI/DerivedData/Build/Intermediates.noindex/SarahIA.build/Release-iphoneos/SarahIA.build/Objects-normal/arm64/SarahIA.SwiftConstValuesFileList (in target 'SarahIA' from project 'SarahIA')
    cd /Users/runner/work/SarahAI/SarahAI/SarahIA
    write-file /Users/runner/work/SarahAI/SarahAI/DerivedData/Build/Intermediates.noindex/SarahIA.build/Release-iphoneos/SarahIA.build/Objects-normal/arm64/SarahIA.SwiftConstValuesFileList

WriteAuxiliaryFile /Users/runner/work/SarahAI/SarahAI/DerivedData/Build/Intermediates.noindex/SarahIA.build/Release-iphoneos/SarahIA.build/Objects-normal/arm64/SarahIA.LinkFileList (in target 'SarahIA' from project 'SarahIA')
    cd /Users/runner/work/SarahAI/SarahAI/SarahIA
    write-file /Users/runner/work/SarahAI/SarahAI/DerivedData/Build/Intermediates.noindex/SarahIA.build/Release-iphoneos/SarahIA.build/Objects-normal/arm64/SarahIA.LinkFileList

WriteAuxiliaryFile /Users/runner/work/SarahAI/SarahAI/DerivedData/Build/Intermediates.noindex/SarahIA.build/Release-iphoneos/SarahIA.build/Objects-normal/arm64/SarahIA-OutputFileMap.json (in target 'SarahIA' from project 'SarahIA')
    cd /Users/runner/work/SarahAI/SarahAI/SarahIA
    write-file /Users/runner/work/SarahAI/SarahAI/DerivedData/Build/Intermediates.noindex/SarahIA.build/Release-iphoneos/SarahIA.build/Objects-normal/arm64/SarahIA-OutputFileMap.json

MkDir /Users/runner/work/SarahAI/SarahAI/DerivedData/Build/Products/Release-iphoneos/SarahIA.app (in target 'SarahIA' from project 'SarahIA')
    cd /Users/runner/work/SarahAI/SarahAI/SarahIA
    /bin/mkdir -p /Users/runner/work/SarahAI/SarahAI/DerivedData/Build/Products/Release-iphoneos/SarahIA.app

MkDir /Users/runner/work/SarahAI/SarahAI/DerivedData/Build/Intermediates.noindex/SarahIA.build/Release-iphoneos/SarahIA.build/assetcatalog_output/thinned (in target 'SarahIA' from project 'SarahIA')
    cd /Users/runner/work/SarahAI/SarahAI/SarahIA
    /bin/mkdir -p /Users/runner/work/SarahAI/SarahAI/DerivedData/Build/Intermediates.noindex/SarahIA.build/Release-iphoneos/SarahIA.build/assetcatalog_output/thinned

MkDir /Users/runner/work/SarahAI/SarahAI/DerivedData/Build/Intermediates.noindex/SarahIA.build/Release-iphoneos/SarahIA.build/assetcatalog_output/unthinned (in target 'SarahIA' from project 'SarahIA')
    cd /Users/runner/work/SarahAI/SarahAI/SarahIA
    /bin/mkdir -p /Users/runner/work/SarahAI/SarahAI/DerivedData/Build/Intermediates.noindex/SarahIA.build/Release-iphoneos/SarahIA.build/assetcatalog_output/unthinned

GenerateAssetSymbols /Users/runner/work/SarahAI/SarahAI/SarahIA/SarahIA/Assets.xcassets (in target 'SarahIA' from project 'SarahIA')
    cd /Users/runner/work/SarahAI/SarahAI/SarahIA
    /Applications/Xcode_26.6.app/Contents/Developer/usr/bin/actool /Users/runner/work/SarahAI/SarahAI/SarahIA/SarahIA/Assets.xcassets --compile /Users/runner/work/SarahAI/SarahAI/DerivedData/Build/Products/Release-iphoneos/SarahIA.app --output-format human-readable-text --notices --warnings --export-dependency-info /Users/runner/work/SarahAI/SarahAI/DerivedData/Build/Intermediates.noindex/SarahIA.build/Release-iphoneos/SarahIA.build/assetcatalog_dependencies --output-partial-info-plist /Users/runner/work/SarahAI/SarahAI/DerivedData/Build/Intermediates.noindex/SarahIA.build/Release-iphoneos/SarahIA.build/assetcatalog_generated_info.plist --app-icon AppIcon --accent-color AccentColor --compress-pngs --enable-on-demand-resources YES --development-region fr --target-device iphone --minimum-deployment-target 15.0 --platform iphoneos --bundle-identifier com.sarahia.app --generate-swift-asset-symbols /Users/runner/work/SarahAI/SarahAI/DerivedData/Build/Intermediates.noindex/SarahIA.build/Release-iphoneos/SarahIA.build/DerivedSources/GeneratedAssetSymbols.swift --generate-objc-asset-symbols /Users/runner/work/SarahAI/SarahAI/DerivedData/Build/Intermediates.noindex/SarahIA.build/Release-iphoneos/SarahIA.build/DerivedSources/GeneratedAssetSymbols.h --generate-asset-symbol-index /Users/runner/work/SarahAI/SarahAI/DerivedData/Build/Intermediates.noindex/SarahIA.build/Release-iphoneos/SarahIA.build/DerivedSources/GeneratedAssetSymbols-Index.plist
/* com.apple.actool.compilation-results */
/Users/runner/work/SarahAI/SarahAI/DerivedData/Build/Intermediates.noindex/SarahIA.build/Release-iphoneos/SarahIA.build/DerivedSources/GeneratedAssetSymbols-Index.plist
/Users/runner/work/SarahAI/SarahAI/DerivedData/Build/Intermediates.noindex/SarahIA.build/Release-iphoneos/SarahIA.build/DerivedSources/GeneratedAssetSymbols.h
/Users/runner/work/SarahAI/SarahAI/DerivedData/Build/Intermediates.noindex/SarahIA.build/Release-iphoneos/SarahIA.build/DerivedSources/GeneratedAssetSymbols.swift


CpResource /Users/runner/work/SarahAI/SarahAI/DerivedData/Build/Products/Release-iphoneos/SarahIA.app/Sarah.vrm /Users/runner/work/SarahAI/SarahAI/SarahIA/SarahIA/Sarah.vrm (in target 'SarahIA' from project 'SarahIA')
    cd /Users/runner/work/SarahAI/SarahAI/SarahIA
    builtin-copy -exclude .DS_Store -exclude CVS -exclude .svn -exclude .git -exclude .hg -resolve-src-symlinks /Users/runner/work/SarahAI/SarahAI/SarahIA/SarahIA/Sarah.vrm /Users/runner/work/SarahAI/SarahAI/DerivedData/Build/Products/Release-iphoneos/SarahIA.app

CompileAssetCatalogVariant thinned /Users/runner/work/SarahAI/SarahAI/DerivedData/Build/Products/Release-iphoneos/SarahIA.app /Users/runner/work/SarahAI/SarahAI/SarahIA/SarahIA/Assets.xcassets (in target 'SarahIA' from project 'SarahIA')
    cd /Users/runner/work/SarahAI/SarahAI/SarahIA
    /Applications/Xcode_26.6.app/Contents/Developer/usr/bin/actool /Users/runner/work/SarahAI/SarahAI/SarahIA/SarahIA/Assets.xcassets --compile /Users/runner/work/SarahAI/SarahAI/DerivedData/Build/Intermediates.noindex/SarahIA.build/Release-iphoneos/SarahIA.build/assetcatalog_output/thinned --output-format human-readable-text --notices --warnings --export-dependency-info /Users/runner/work/SarahAI/SarahAI/DerivedData/Build/Intermediates.noindex/SarahIA.build/Release-iphoneos/SarahIA.build/assetcatalog_dependencies_thinned --output-partial-info-plist /Users/runner/work/SarahAI/SarahAI/DerivedData/Build/Intermediates.noindex/SarahIA.build/Release-iphoneos/SarahIA.build/assetcatalog_generated_info.plist_thinned --app-icon AppIcon --accent-color AccentColor --compress-pngs --enable-on-demand-resources YES --development-region fr --target-device iphone --minimum-deployment-target 15.0 --platform iphoneos
IOServiceMatchingfailed for: AppleM2ScalerParavirtDriver
/* com.apple.actool.compilation-results */
/Users/runner/work/SarahAI/SarahAI/DerivedData/Build/Intermediates.noindex/SarahIA.build/Release-iphoneos/SarahIA.build/assetcatalog_generated_info.plist_thinned
/Users/runner/work/SarahAI/SarahAI/DerivedData/Build/Intermediates.noindex/SarahIA.build/Release-iphoneos/SarahIA.build/assetcatalog_output/thinned/AppIcon60x60@2x.png
/Users/runner/work/SarahAI/SarahAI/DerivedData/Build/Intermediates.noindex/SarahIA.build/Release-iphoneos/SarahIA.build/assetcatalog_output/thinned/AppIcon76x76@2x~ipad.png
/Users/runner/work/SarahAI/SarahAI/DerivedData/Build/Intermediates.noindex/SarahIA.build/Release-iphoneos/SarahIA.build/assetcatalog_output/thinned/Assets.car


SwiftDriver SarahIA normal arm64 com.apple.xcode.tools.swift.compiler (in target 'SarahIA' from project 'SarahIA')
    cd /Users/runner/work/SarahAI/SarahAI/SarahIA
    builtin-SwiftDriver -- /Applications/Xcode_26.6.app/Contents/Developer/Toolchains/XcodeDefault.xctoolchain/usr/bin/swiftc -module-name SarahIA -O -whole-module-optimization @/Users/runner/work/SarahAI/SarahAI/DerivedData/Build/Intermediates.noindex/SarahIA.build/Release-iphoneos/SarahIA.build/Objects-normal/arm64/SarahIA.SwiftFileList -enable-bare-slash-regex -enable-experimental-feature DebugDescriptionMacro -sdk /Applications/Xcode_26.6.app/Contents/Developer/Platforms/iPhoneOS.platform/Developer/SDKs/iPhoneOS26.5.sdk -target arm64-apple-ios15.0 -g -module-cache-path /Users/runner/work/SarahAI/SarahAI/DerivedData/ModuleCache.noindex -Xfrontend -serialize-debugging-options -swift-version 5 -I /Users/runner/work/SarahAI/SarahAI/DerivedData/Build/Products/Release-iphoneos -F /Users/runner/work/SarahAI/SarahAI/DerivedData/Build/Products/Release-iphoneos -emit-localized-strings -emit-localized-strings-path /Users/runner/work/SarahAI/SarahAI/DerivedData/Build/Intermediates.noindex/SarahIA.build/Release-iphoneos/SarahIA.build/Objects-normal/arm64 -c -num-threads 3 -Xcc -ivfsstatcache -Xcc /Users/runner/work/SarahAI/SarahAI/DerivedData/SDKStatCaches.noindex/iphoneos26.5-23F81a-688ef53f1462e2c8f657fdc38a81448fee66e23052a0157c865c76b268046726.sdkstatcache -output-file-map /Users/runner/work/SarahAI/SarahAI/DerivedData/Build/Intermediates.noindex/SarahIA.build/Release-iphoneos/SarahIA.build/Objects-normal/arm64/SarahIA-OutputFileMap.json -use-frontend-parseable-output -save-temps -no-color-diagnostics -explicit-module-build -module-cache-path /Users/runner/work/SarahAI/SarahAI/DerivedData/Build/Intermediates.noindex/SwiftExplicitPrecompiledModules -clang-scanner-module-cache-path /Users/runner/work/SarahAI/SarahAI/DerivedData/ModuleCache.noindex -sdk-module-cache-path /Users/runner/work/SarahAI/SarahAI/DerivedData/ModuleCache.noindex -serialize-diagnostics -emit-dependencies -emit-module -emit-module-path /Users/runner/work/SarahAI/SarahAI/DerivedData/Build/Intermediates.noindex/SarahIA.build/Release-iphoneos/SarahIA.build/Objects-normal/arm64/SarahIA.swiftmodule -validate-clang-modules-once -clang-build-session-file /Users/runner/work/SarahAI/SarahAI/DerivedData/ModuleCache.noindex/Session.modulevalidation -Xcc -I/Users/runner/work/SarahAI/SarahAI/DerivedData/Build/Intermediates.noindex/SarahIA.build/Release-iphoneos/SarahIA.build/swift-overrides.hmap -emit-const-values -Xfrontend -const-gather-protocols-file -Xfrontend /Users/runner/work/SarahAI/SarahAI/DerivedData/Build/Intermediates.noindex/SarahIA.build/Release-iphoneos/SarahIA.build/Objects-normal/arm64/SarahIA_const_extract_protocols.json -Xcc -iquote -Xcc /Users/runner/work/SarahAI/SarahAI/DerivedData/Build/Intermediates.noindex/SarahIA.build/Release-iphoneos/SarahIA.build/SarahIA-generated-files.hmap -Xcc -I/Users/runner/work/SarahAI/SarahAI/DerivedData/Build/Intermediates.noindex/SarahIA.build/Release-iphoneos/SarahIA.build/SarahIA-own-target-headers.hmap -Xcc -I/Users/runner/work/SarahAI/SarahAI/DerivedData/Build/Intermediates.noindex/SarahIA.build/Release-iphoneos/SarahIA.build/SarahIA-all-target-headers.hmap -Xcc -iquote -Xcc /Users/runner/work/SarahAI/SarahAI/DerivedData/Build/Intermediates.noindex/SarahIA.build/Release-iphoneos/SarahIA.build/SarahIA-project-headers.hmap -Xcc -I/Users/runner/work/SarahAI/SarahAI/DerivedData/Build/Products/Release-iphoneos/include -Xcc -I/Users/runner/work/SarahAI/SarahAI/DerivedData/Build/Intermediates.noindex/SarahIA.build/Release-iphoneos/SarahIA.build/DerivedSources-normal/arm64 -Xcc -I/Users/runner/work/SarahAI/SarahAI/DerivedData/Build/Intermediates.noindex/SarahIA.build/Release-iphoneos/SarahIA.build/DerivedSources/arm64 -Xcc -I/Users/runner/work/SarahAI/SarahAI/DerivedData/Build/Intermediates.noindex/SarahIA.build/Release-iphoneos/SarahIA.build/DerivedSources -emit-objc-header -emit-objc-header-path /Users/runner/work/SarahAI/SarahAI/DerivedData/Build/Intermediates.noindex/SarahIA.build/Release-iphoneos/SarahIA.build/Objects-normal/arm64/SarahIA-Swift.h -working-directory /Users/runner/work/SarahAI/SarahAI/SarahIA -no-emit-module-separately-wmo

SwiftDriver\ Compilation SarahIA normal arm64 com.apple.xcode.tools.swift.compiler (in target 'SarahIA' from project 'SarahIA')
    cd /Users/runner/work/SarahAI/SarahAI/SarahIA
    builtin-Swift-Compilation -- /Applications/Xcode_26.6.app/Contents/Developer/Toolchains/XcodeDefault.xctoolchain/usr/bin/swiftc -module-name SarahIA -O -whole-module-optimization @/Users/runner/work/SarahAI/SarahAI/DerivedData/Build/Intermediates.noindex/SarahIA.build/Release-iphoneos/SarahIA.build/Objects-normal/arm64/SarahIA.SwiftFileList -enable-bare-slash-regex -enable-experimental-feature DebugDescriptionMacro -sdk /Applications/Xcode_26.6.app/Contents/Developer/Platforms/iPhoneOS.platform/Developer/SDKs/iPhoneOS26.5.sdk -target arm64-apple-ios15.0 -g -module-cache-path /Users/runner/work/SarahAI/SarahAI/DerivedData/ModuleCache.noindex -Xfrontend -serialize-debugging-options -swift-version 5 -I /Users/runner/work/SarahAI/SarahAI/DerivedData/Build/Products/Release-iphoneos -F /Users/runner/work/SarahAI/SarahAI/DerivedData/Build/Products/Release-iphoneos -emit-localized-strings -emit-localized-strings-path /Users/runner/work/SarahAI/SarahAI/DerivedData/Build/Intermediates.noindex/SarahIA.build/Release-iphoneos/SarahIA.build/Objects-normal/arm64 -c -num-threads 3 -Xcc -ivfsstatcache -Xcc /Users/runner/work/SarahAI/SarahAI/DerivedData/SDKStatCaches.noindex/iphoneos26.5-23F81a-688ef53f1462e2c8f657fdc38a81448fee66e23052a0157c865c76b268046726.sdkstatcache -output-file-map /Users/runner/work/SarahAI/SarahAI/DerivedData/Build/Intermediates.noindex/SarahIA.build/Release-iphoneos/SarahIA.build/Objects-normal/arm64/SarahIA-OutputFileMap.json -use-frontend-parseable-output -save-temps -no-color-diagnostics -explicit-module-build -module-cache-path /Users/runner/work/SarahAI/SarahAI/DerivedData/Build/Intermediates.noindex/SwiftExplicitPrecompiledModules -clang-scanner-module-cache-path /Users/runner/work/SarahAI/SarahAI/DerivedData/ModuleCache.noindex -sdk-module-cache-path /Users/runner/work/SarahAI/SarahAI/DerivedData/ModuleCache.noindex -serialize-diagnostics -emit-dependencies -emit-module -emit-module-path /Users/runner/work/SarahAI/SarahAI/DerivedData/Build/Intermediates.noindex/SarahIA.build/Release-iphoneos/SarahIA.build/Objects-normal/arm64/SarahIA.swiftmodule -validate-clang-modules-once -clang-build-session-file /Users/runner/work/SarahAI/SarahAI/DerivedData/ModuleCache.noindex/Session.modulevalidation -Xcc -I/Users/runner/work/SarahAI/SarahAI/DerivedData/Build/Intermediates.noindex/SarahIA.build/Release-iphoneos/SarahIA.build/swift-overrides.hmap -emit-const-values -Xfrontend -const-gather-protocols-file -Xfrontend /Users/runner/work/SarahAI/SarahAI/DerivedData/Build/Intermediates.noindex/SarahIA.build/Release-iphoneos/SarahIA.build/Objects-normal/arm64/SarahIA_const_extract_protocols.json -Xcc -iquote -Xcc /Users/runner/work/SarahAI/SarahAI/DerivedData/Build/Intermediates.noindex/SarahIA.build/Release-iphoneos/SarahIA.build/SarahIA-generated-files.hmap -Xcc -I/Users/runner/work/SarahAI/SarahAI/DerivedData/Build/Intermediates.noindex/SarahIA.build/Release-iphoneos/SarahIA.build/SarahIA-own-target-headers.hmap -Xcc -I/Users/runner/work/SarahAI/SarahAI/DerivedData/Build/Intermediates.noindex/SarahIA.build/Release-iphoneos/SarahIA.build/SarahIA-all-target-headers.hmap -Xcc -iquote -Xcc /Users/runner/work/SarahAI/SarahAI/DerivedData/Build/Intermediates.noindex/SarahIA.build/Release-iphoneos/SarahIA.build/SarahIA-project-headers.hmap -Xcc -I/Users/runner/work/SarahAI/SarahAI/DerivedData/Build/Products/Release-iphoneos/include -Xcc -I/Users/runner/work/SarahAI/SarahAI/DerivedData/Build/Intermediates.noindex/SarahIA.build/Release-iphoneos/SarahIA.build/DerivedSources-normal/arm64 -Xcc -I/Users/runner/work/SarahAI/SarahAI/DerivedData/Build/Intermediates.noindex/SarahIA.build/Release-iphoneos/SarahIA.build/DerivedSources/arm64 -Xcc -I/Users/runner/work/SarahAI/SarahAI/DerivedData/Build/Intermediates.noindex/SarahIA.build/Release-iphoneos/SarahIA.build/DerivedSources -emit-objc-header -emit-objc-header-path /Users/runner/work/SarahAI/SarahAI/DerivedData/Build/Intermediates.noindex/SarahIA.build/Release-iphoneos/SarahIA.build/Objects-normal/arm64/SarahIA-Swift.h -working-directory /Users/runner/work/SarahAI/SarahAI/SarahIA -no-emit-module-separately-wmo

SwiftExplicitDependencyGeneratePcm arm64 /Users/runner/work/SarahAI/SarahAI/DerivedData/ModuleCache.noindex/SwiftShims-3X9N4FC73G24YH6ZYDC0UW74E.pcm

SwiftExplicitDependencyGeneratePcm arm64 /Users/runner/work/SarahAI/SarahAI/DerivedData/ModuleCache.noindex/DeveloperToolsSupport-EMI0G5OKIKN3B4IDNVLGW9SJT.pcm

SwiftExplicitDependencyGeneratePcm arm64 /Users/runner/work/SarahAI/SarahAI/DerivedData/ModuleCache.noindex/_Builtin_stddef-AM85HLY4PWX0BK0N3ATH3NWGP.pcm

SwiftExplicitDependencyGeneratePcm arm64 /Users/runner/work/SarahAI/SarahAI/DerivedData/ModuleCache.noindex/_Builtin_stdbool-3882D631WURN9OHGHPK1DMDH3.pcm

SwiftExplicitDependencyGeneratePcm arm64 /Users/runner/work/SarahAI/SarahAI/DerivedData/ModuleCache.noindex/_Builtin_float-6TC5YB9TAZL99I3OWI2RPHO5U.pcm

SwiftExplicitDependencyGeneratePcm arm64 /Users/runner/work/SarahAI/SarahAI/DerivedData/ModuleCache.noindex/ptrauth-SNNVMDPQ3VUJBJ3IM942MOJ6.pcm

SwiftExplicitDependencyGeneratePcm arm64 /Users/runner/work/SarahAI/SarahAI/DerivedData/ModuleCache.noindex/_SwiftConcurrencyShims-CHXW7QVJCB995K6FB874XZJTY.pcm

SwiftExplicitDependencyGeneratePcm arm64 /Users/runner/work/SarahAI/SarahAI/DerivedData/ModuleCache.noindex/ptrcheck-6U14BBKT3W63XVUEX6YCCETLR.pcm

SwiftExplicitDependencyGeneratePcm arm64 /Users/runner/work/SarahAI/SarahAI/DerivedData/ModuleCache.noindex/_Builtin_stdarg-E66SVNOSDCKSZA9F1WAURR93Y.pcm

SwiftExplicitDependencyGeneratePcm arm64 /Users/runner/work/SarahAI/SarahAI/DerivedData/ModuleCache.noindex/_AvailabilityInternal-7KJNBGC7N6PMAGU0FQG3UD035.pcm

SwiftExplicitDependencyGeneratePcm arm64 /Users/runner/work/SarahAI/SarahAI/DerivedData/ModuleCache.noindex/_DarwinFoundation1-4N2E0NZI58HAZI7L0D7LXYRYP.pcm

SwiftExplicitDependencyGeneratePcm arm64 /Users/runner/work/SarahAI/SarahAI/DerivedData/ModuleCache.noindex/_DarwinFoundation2-A8C6MCXKJB5YO5WCFULGN4L8K.pcm

SwiftExplicitDependencyGeneratePcm arm64 /Users/runner/work/SarahAI/SarahAI/DerivedData/ModuleCache.noindex/_Builtin_limits-6B17AYWH2KCFW1JA3PG2PGA01.pcm

SwiftExplicitDependencyGeneratePcm arm64 /Users/runner/work/SarahAI/SarahAI/DerivedData/ModuleCache.noindex/sys_types-EE6IJXYV4H4F5EPYYVMUONG5T.pcm

SwiftExplicitDependencyGeneratePcm arm64 /Users/runner/work/SarahAI/SarahAI/DerivedData/ModuleCache.noindex/_Builtin_tgmath-CHK6LIDLNAOPC11INZEDHPO6D.pcm

SwiftExplicitDependencyGeneratePcm arm64 /Users/runner/work/SarahAI/SarahAI/DerivedData/ModuleCache.noindex/_Builtin_stdint-DAJ3OHFBY57X4C4XYOS829F1E.pcm

SwiftExplicitDependencyGeneratePcm arm64 /Users/runner/work/SarahAI/SarahAI/DerivedData/ModuleCache.noindex/_Builtin_stdatomic-CHO7LSL4XZD6CEWVXJIAVLDC.pcm

SwiftExplicitDependencyGeneratePcm arm64 /Users/runner/work/SarahAI/SarahAI/DerivedData/ModuleCache.noindex/_Builtin_intrinsics-DUVMA4TBDPPIQ68VBB33ILUPU.pcm

SwiftExplicitDependencyGeneratePcm arm64 /Users/runner/work/SarahAI/SarahAI/DerivedData/ModuleCache.noindex/_DarwinFoundation3-B9HDKM385A775X9ADZPBJ0EX.pcm

SwiftExplicitDependencyGeneratePcm arm64 /Users/runner/work/SarahAI/SarahAI/DerivedData/ModuleCache.noindex/_Builtin_inttypes-BUV9QDKMS1T66G0LJ6CUR2OKR.pcm

SwiftExplicitDependencyGeneratePcm arm64 /Users/runner/work/SarahAI/SarahAI/DerivedData/ModuleCache.noindex/Darwin-B31T2V5K2ONJ2N2AGT6SAO6HF.pcm

SwiftExplicitDependencyGeneratePcm arm64 /Users/runner/work/SarahAI/SarahAI/DerivedData/ModuleCache.noindex/simd-4DHRV62JYR7QEBS3Q6HS75O9E.pcm

SwiftExplicitDependencyGeneratePcm arm64 /Users/runner/work/SarahAI/SarahAI/DerivedData/ModuleCache.noindex/MachO-DVYSICM5RLJZMIYH4OUBIVJB.pcm

SwiftExplicitDependencyGeneratePcm arm64 /Users/runner/work/SarahAI/SarahAI/DerivedData/ModuleCache.noindex/ObjectiveC-595D0U0FX4H5ASEOU25C4X6K2.pcm

SwiftExplicitDependencyGeneratePcm arm64 /Users/runner/work/SarahAI/SarahAI/DerivedData/ModuleCache.noindex/os_object-D4HZEGIU7N3KJ6XM8L3JF7JZR.pcm

SwiftExplicitDependencyGeneratePcm arm64 /Users/runner/work/SarahAI/SarahAI/DerivedData/ModuleCache.noindex/Spatial-DZX668H35CI0HFHHY92647NN.pcm

SwiftExplicitDependencyGeneratePcm arm64 /Users/runner/work/SarahAI/SarahAI/DerivedData/ModuleCache.noindex/os_workgroup-BTG6HYPGO6SBHHC1YAA1ZMQ0W.pcm

SwiftExplicitDependencyGeneratePcm arm64 /Users/runner/work/SarahAI/SarahAI/DerivedData/ModuleCache.noindex/Dispatch-4VXWAI5X11VYL3CJLGJRZ2L6G.pcm

SwiftExplicitDependencyGeneratePcm arm64 /Users/runner/work/SarahAI/SarahAI/DerivedData/ModuleCache.noindex/XPC-5TCUUA8O4VMLRDROAB1T02T65.pcm

SwiftExplicitDependencyGeneratePcm arm64 /Users/runner/work/SarahAI/SarahAI/DerivedData/ModuleCache.noindex/dnssd-A6R5MWQYUG0M5O0FKYU425Y4B.pcm

SwiftExplicitDependencyGeneratePcm arm64 /Users/runner/work/SarahAI/SarahAI/DerivedData/ModuleCache.noindex/CoreFoundation-9L9QLQX4N5WNVRSYIIPXRVDFC.pcm

SwiftExplicitDependencyGeneratePcm arm64 /Users/runner/work/SarahAI/SarahAI/DerivedData/ModuleCache.noindex/os-CM8DW8JDCPP1W8TVN57G6W5C8.pcm

SwiftExplicitDependencyGeneratePcm arm64 /Users/runner/work/SarahAI/SarahAI/DerivedData/ModuleCache.noindex/CoreGraphics-5XUOQ5VMSZXKI6LKQ9EPNOABB.pcm

SwiftExplicitDependencyGeneratePcm arm64 /Users/runner/work/SarahAI/SarahAI/DerivedData/ModuleCache.noindex/Security-ANB3ZG87ILUD4R930X2I3G3F6.pcm

SwiftExplicitDependencyGeneratePcm arm64 /Users/runner/work/SarahAI/SarahAI/DerivedData/ModuleCache.noindex/CFNetwork-3NXZW7KRKYJV9HD33DLFP5FVW.pcm

SwiftExplicitDependencyGeneratePcm arm64 /Users/runner/work/SarahAI/SarahAI/DerivedData/ModuleCache.noindex/CoreAudioTypes-EZLP9UFCFB73YTGOI5K4UFH94.pcm

SwiftExplicitDependencyGeneratePcm arm64 /Users/runner/work/SarahAI/SarahAI/DerivedData/ModuleCache.noindex/CoreText-5T8UAB4M4NNOJJ68X0SJJSSWM.pcm

SwiftExplicitDependencyGeneratePcm arm64 /Users/runner/work/SarahAI/SarahAI/DerivedData/ModuleCache.noindex/Foundation-9SDKBFIIQW6YMTHW0GFRVEU4L.pcm

SwiftExplicitDependencyGeneratePcm arm64 /Users/runner/work/SarahAI/SarahAI/DerivedData/ModuleCache.noindex/CoreAudio-7SDRBTZ6KCGVIBIK3IGYQ4FAW.pcm

SwiftExplicitDependencyGeneratePcm arm64 /Users/runner/work/SarahAI/SarahAI/DerivedData/ModuleCache.noindex/ImageIO-9T0Q0LDSJIH917KKOWTYGENYA.pcm

SwiftExplicitDependencyGeneratePcm arm64 /Users/runner/work/SarahAI/SarahAI/DerivedData/ModuleCache.noindex/CoreMIDI-4U0D9B7W90GPFKZFCMOF0G0VD.pcm

SwiftExplicitDependencyGeneratePcm arm64 /Users/runner/work/SarahAI/SarahAI/DerivedData/ModuleCache.noindex/IOSurface-2N001B5ETWRY6TJY40006GVUU.pcm

SwiftExplicitDependencyGeneratePcm arm64 /Users/runner/work/SarahAI/SarahAI/DerivedData/ModuleCache.noindex/UniformTypeIdentifiers-3GY0UZOFH8CU33PPJD464TA5C.pcm

SwiftExplicitDependencyGeneratePcm arm64 /Users/runner/work/SarahAI/SarahAI/DerivedData/ModuleCache.noindex/CoreData-BPHE4X2FT7BC4NQ42WB7Q0UPE.pcm

SwiftExplicitDependencyGeneratePcm arm64 /Users/runner/work/SarahAI/SarahAI/DerivedData/ModuleCache.noindex/Accessibility-8H8VDNZ67AYVPDAZ530VEO3P9.pcm

SwiftExplicitDependencyGeneratePcm arm64 /Users/runner/work/SarahAI/SarahAI/DerivedData/ModuleCache.noindex/UserNotifications-9CYWORK8X1EHSXUD0O5AHT8NE.pcm

SwiftExplicitDependencyGeneratePcm arm64 /Users/runner/work/SarahAI/SarahAI/DerivedData/ModuleCache.noindex/OSLog-E2VVHI0OMY76RCLN7DQNVJPPW.pcm

SwiftExplicitDependencyGeneratePcm arm64 /Users/runner/work/SarahAI/SarahAI/DerivedData/ModuleCache.noindex/ModelIO-C6OUP211PUZ1DYC108JKI12A5.pcm

SwiftExplicitDependencyGeneratePcm arm64 /Users/runner/work/SarahAI/SarahAI/DerivedData/ModuleCache.noindex/CoreTransferable-75BAP77BC2NTSING1OP8XP4D6.pcm

SwiftExplicitDependencyGeneratePcm arm64 /Users/runner/work/SarahAI/SarahAI/DerivedData/ModuleCache.noindex/AudioToolbox-2PTO53FH75LGEFAFKJ1WEBDK2.pcm

SwiftExplicitDependencyGeneratePcm arm64 /Users/runner/work/SarahAI/SarahAI/DerivedData/ModuleCache.noindex/OpenGLES-5W7IUZQ3R2LYMMVKLAON949GI.pcm

SwiftExplicitDependencyGeneratePcm arm64 /Users/runner/work/SarahAI/SarahAI/DerivedData/ModuleCache.noindex/Network-3QTERH7MU4IMGTHBX86ECH62X.pcm

SwiftExplicitDependencyGeneratePcm arm64 /Users/runner/work/SarahAI/SarahAI/DerivedData/ModuleCache.noindex/Metal-2LO5DQR23UFE48PEX70T0EQMM.pcm

SwiftExplicitDependencyGeneratePcm arm64 /Users/runner/work/SarahAI/SarahAI/DerivedData/ModuleCache.noindex/UIUtilities-8VO6XLI2BPNL7PY1IFS9DYQTY.pcm

SwiftExplicitDependencyGeneratePcm arm64 /Users/runner/work/SarahAI/SarahAI/DerivedData/ModuleCache.noindex/AVRouting-27ZY9DV3VE2DQD98NCNUWMZZO.pcm

SwiftExplicitDependencyGeneratePcm arm64 /Users/runner/work/SarahAI/SarahAI/DerivedData/ModuleCache.noindex/Symbols-2S1QRY04UOS12BUTTUSGL8EC7.pcm

SwiftExplicitDependencyGeneratePcm arm64 /Users/runner/work/SarahAI/SarahAI/DerivedData/ModuleCache.noindex/FileProvider-A7HJUF5EIEHTC3V1T5XR2NBRA.pcm

SwiftExplicitDependencyGeneratePcm arm64 /Users/runner/work/SarahAI/SarahAI/DerivedData/ModuleCache.noindex/DataDetection-2FYB8ZWJH0JHGD3N8ZWSUYHMM.pcm

SwiftExplicitDependencyGeneratePcm arm64 /Users/runner/work/SarahAI/SarahAI/DerivedData/ModuleCache.noindex/CoreVideo-BFUFDZJCFADZMCR73NBJ91X4E.pcm

SwiftExplicitDependencyGeneratePcm arm64 /Users/runner/work/SarahAI/SarahAI/DerivedData/ModuleCache.noindex/QuartzCore-275OENWG0R4W6X7OXP40PXLX2.pcm

SwiftExplicitDependencyGeneratePcm arm64 /Users/runner/work/SarahAI/SarahAI/DerivedData/ModuleCache.noindex/CoreImage-AVEP69UTO6O5G035OTX6MA33E.pcm

SwiftExplicitDependencyGeneratePcm arm64 /Users/runner/work/SarahAI/SarahAI/DerivedData/ModuleCache.noindex/CoreMedia-F1EI1W2AYHK1ADTBDEROATWL8.pcm

SwiftExplicitDependencyGeneratePcm arm64 /Users/runner/work/SarahAI/SarahAI/DerivedData/ModuleCache.noindex/SwiftUICore-BF98EWXGFAVLPWR4VIMBZ2CIO.pcm

SwiftExplicitDependencyGeneratePcm arm64 /Users/runner/work/SarahAI/SarahAI/DerivedData/ModuleCache.noindex/UIKit-9E11HZXR00QI2UU0PVTPRYGBF.pcm

SwiftExplicitDependencyGeneratePcm arm64 /Users/runner/work/SarahAI/SarahAI/DerivedData/ModuleCache.noindex/AVFAudio-BU83QXFS7G9O6DPH4X9X4Q1GC.pcm

SwiftExplicitDependencyGeneratePcm arm64 /Users/runner/work/SarahAI/SarahAI/DerivedData/ModuleCache.noindex/MediaToolbox-2Q1PKI0A9SQCFXC64ATSVHA26.pcm

SwiftExplicitDependencyGeneratePcm arm64 /Users/runner/work/SarahAI/SarahAI/DerivedData/ModuleCache.noindex/AVFoundation-77XSSXSHRFDB34XDSYAF7ZFJ8.pcm

SwiftExplicitDependencyGeneratePcm arm64 /Users/runner/work/SarahAI/SarahAI/DerivedData/ModuleCache.noindex/Speech-CDMJPWV29YHQNMG3HAN728V9W.pcm

SwiftExplicitDependencyGeneratePcm arm64 /Users/runner/work/SarahAI/SarahAI/DerivedData/ModuleCache.noindex/GLKit-16ZMV4GKTO82AEKJVDUISI0B0.pcm

SwiftExplicitDependencyGeneratePcm arm64 /Users/runner/work/SarahAI/SarahAI/DerivedData/ModuleCache.noindex/SwiftUI-A33Q1LM1MEYLC9NWH4GJB0RMB.pcm

SwiftExplicitDependencyGeneratePcm arm64 /Users/runner/work/SarahAI/SarahAI/DerivedData/ModuleCache.noindex/SceneKit-2T5U8T27PM8CXTD4OXRJPV3L8.pcm

SwiftCompile normal arm64 Compiling\ SarahIAApp.swift,\ ContentView.swift,\ Message.swift,\ AIService.swift,\ NotificationService.swift,\ ChatViewModel.swift,\ ChatBubbleView.swift,\ MessageInputView.swift,\ TypingIndicatorView.swift,\ StorageService.swift,\ AudioEngineManager.swift,\ WhisperService.swift,\ TTSService.swift,\ AvatarEngine.swift,\ Avatar3DView.swift,\ VRMLoader.swift,\ HapticService.swift,\ MemoryVaultView.swift,\ SettingsView.swift,\ GeneratedAssetSymbols.swift /Users/runner/work/SarahAI/SarahAI/SarahIA/SarahIA/SarahIAApp.swift /Users/runner/work/SarahAI/SarahAI/SarahIA/SarahIA/ContentView.swift /Users/runner/work/SarahAI/SarahAI/SarahIA/SarahIA/Models/Message.swift /Users/runner/work/SarahAI/SarahAI/SarahIA/SarahIA/Services/AIService.swift /Users/runner/work/SarahAI/SarahAI/SarahIA/SarahIA/Services/NotificationService.swift /Users/runner/work/SarahAI/SarahAI/SarahIA/SarahIA/ViewModels/ChatViewModel.swift /Users/runner/work/SarahAI/SarahAI/SarahIA/SarahIA/Views/ChatBubbleView.swift /Users/runner/work/SarahAI/SarahAI/SarahIA/SarahIA/Views/MessageInputView.swift /Users/runner/work/SarahAI/SarahAI/SarahIA/SarahIA/Views/TypingIndicatorView.swift /Users/runner/work/SarahAI/SarahAI/SarahIA/SarahIA/Services/StorageService.swift /Users/runner/work/SarahAI/SarahAI/SarahIA/SarahIA/Services/AudioEngineManager.swift /Users/runner/work/SarahAI/SarahAI/SarahIA/SarahIA/Services/WhisperService.swift /Users/runner/work/SarahAI/SarahAI/SarahIA/SarahIA/Services/TTSService.swift /Users/runner/work/SarahAI/SarahAI/SarahIA/SarahIA/Services/AvatarEngine.swift /Users/runner/work/SarahAI/SarahAI/SarahIA/SarahIA/Views/Avatar3DView.swift /Users/runner/work/SarahAI/SarahAI/SarahIA/SarahIA/Services/VRMLoader.swift /Users/runner/work/SarahAI/SarahAI/SarahIA/SarahIA/Services/HapticService.swift /Users/runner/work/SarahAI/SarahAI/SarahIA/SarahIA/Views/MemoryVaultView.swift /Users/runner/work/SarahAI/SarahAI/SarahIA/SarahIA/Views/SettingsView.swift /Users/runner/work/SarahAI/SarahAI/DerivedData/Build/Intermediates.noindex/SarahIA.build/Release-iphoneos/SarahIA.build/DerivedSources/GeneratedAssetSymbols.swift /Applications/Xcode_26.6.app/Contents/Developer/Toolchains/XcodeDefault.xctoolchain/usr/lib/swift/iphoneos/prebuilt-modules/26.5/_StringProcessing.swiftmodule/arm64e-apple-ios.swiftmodule /Applications/Xcode_26.6.app/Contents/Developer/Toolchains/XcodeDefault.xctoolchain/usr/lib/swift/iphoneos/prebuilt-modules/26.5/DataDetection.swiftmodule/arm64e-apple-ios.swiftmodule /Applications/Xcode_26.6.app/Contents/Developer/Toolchains/XcodeDefault.xctoolchain/usr/lib/swift/iphoneos/prebuilt-modules/26.5/Foundation.swiftmodule/arm64e-apple-ios.swiftmodule /Applications/Xcode_26.6.app/Contents/Developer/Toolchains/XcodeDefault.xctoolchain/usr/lib/swift/iphoneos/prebuilt-modules/26.5/Dispatch.swiftmodule/arm64e-apple-ios.swiftmodule /Applications/Xcode_26.6.app/Contents/Developer/Toolchains/XcodeDefault.xctoolchain/usr/lib/swift/iphoneos/prebuilt-modules/26.5/_SceneKit_SwiftUI.swiftmodule/arm64e-apple-ios.swiftmodule /Applications/Xcode_26.6.app/Contents/Developer/Toolchains/XcodeDefault.xctoolchain/usr/lib/swift/iphoneos/prebuilt-modules/26.5/XPC.swiftmodule/arm64e-apple-ios.swiftmodule /Applications/Xcode_26.6.app/Contents/Developer/Toolchains/XcodeDefault.xctoolchain/usr/lib/swift/iphoneos/prebuilt-modules/26.5/Swift.swiftmodule/arm64e-apple-ios.swiftmodule /Applications/Xcode_26.6.app/Contents/Developer/Toolchains/XcodeDefault.xctoolchain/usr/lib/swift/iphoneos/prebuilt-modules/26.5/_DarwinFoundation1.swiftmodule/arm64e-apple-ios.swiftmodule /Applications/Xcode_26.6.app/Contents/Developer/Toolchains/XcodeDefault.xctoolchain/usr/lib/swift/iphoneos/prebuilt-modules/26.5/Symbols.swiftmodule/arm64e-apple-ios.swiftmodule /Applications/Xcode_26.6.app/Contents/Developer/Toolchains/XcodeDefault.xctoolchain/usr/lib/swift/iphoneos/prebuilt-modules/26.5/_DarwinFoundation3.swiftmodule/arm64e-apple-ios.swiftmodule /Applications/Xcode_26.6.app/Contents/Developer/Toolchains/XcodeDefault.xctoolchain/usr/lib/swift/iphoneos/prebuilt-modules/26.5/CoreAudio.swiftmodule/arm64e-apple-ios.swiftmodule /Applications/Xcode_26.6.app/Contents/Developer/Toolchains/XcodeDefault.xctoolchain/usr/lib/swift/iphoneos/prebuilt-modules/26.5/Accessibility.swiftmodule/arm64e-apple-ios.swiftmodule /Applications/Xcode_26.6.app/Contents/Developer/Toolchains/XcodeDefault.xctoolchain/usr/lib/swift/iphoneos/prebuilt-modules/26.5/Darwin.swiftmodule/arm64e-apple-ios.swiftmodule /Applications/Xcode_26.6.app/Contents/Developer/Toolchains/XcodeDefault.xctoolchain/usr/lib/swift/iphoneos/prebuilt-modules/26.5/SwiftUICore.swiftmodule/arm64e-apple-ios.swiftmodule /Applications/Xcode_26.6.app/Contents/Developer/Toolchains/XcodeDefault.xctoolchain/usr/lib/swift/iphoneos/prebuilt-modules/26.5/UniformTypeIdentifiers.swiftmodule/arm64e-apple-ios.swiftmodule /Applications/Xcode_26.6.app/Contents/Developer/Toolchains/XcodeDefault.xctoolchain/usr/lib/swift/iphoneos/prebuilt-modules/26.5/DeveloperToolsSupport.swiftmodule/arm64e-apple-ios.swiftmodule /Applications/Xcode_26.6.app/Contents/Developer/Toolchains/XcodeDefault.xctoolchain/usr/lib/swift/iphoneos/prebuilt-modules/26.5/_Concurrency.swiftmodule/arm64e-apple-ios.swiftmodule /Applications/Xcode_26.6.app/Contents/Developer/Toolchains/XcodeDefault.xctoolchain/usr/lib/swift/iphoneos/prebuilt-modules/26.5/_Builtin_float.swiftmodule/arm64e-apple-ios.swiftmodule /Applications/Xcode_26.6.app/Contents/Developer/Toolchains/XcodeDefault.xctoolchain/usr/lib/swift/iphoneos/prebuilt-modules/26.5/AudioToolbox.swiftmodule/arm64e-apple-ios.swiftmodule /Applications/Xcode_26.6.app/Contents/Developer/Toolchains/XcodeDefault.xctoolchain/usr/lib/swift/iphoneos/prebuilt-modules/26.5/SceneKit.swiftmodule/arm64e-apple-ios.swiftmodule /Applications/Xcode_26.6.app/Contents/Developer/Toolchains/XcodeDefault.xctoolchain/usr/lib/swift/iphoneos/prebuilt-modules/26.5/FileProvider.swiftmodule/arm64e-apple-ios.swiftmodule /Applications/Xcode_26.6.app/Contents/Developer/Toolchains/XcodeDefault.xctoolchain/usr/lib/swift/iphoneos/prebuilt-modules/26.5/Synchronization.swiftmodule/arm64e-apple-ios.swiftmodule /Applications/Xcode_26.6.app/Contents/Developer/Toolchains/XcodeDefault.xctoolchain/usr/lib/swift/iphoneos/prebuilt-modules/26.5/AVFoundation.swiftmodule/arm64e-apple-ios.swiftmodule /Applications/Xcode_26.6.app/Contents/Developer/Toolchains/XcodeDefault.xctoolchain/usr/lib/swift/iphoneos/prebuilt-modules/26.5/Metal.swiftmodule/arm64e-apple-ios.swiftmodule /Applications/Xcode_26.6.app/Contents/Developer/Toolchains/XcodeDefault.xctoolchain/usr/lib/swift/iphoneos/prebuilt-modules/26.5/QuartzCore.swiftmodule/arm64e-apple-ios.swiftmodule /Applications/Xcode_26.6.app/Contents/Developer/Toolchains/XcodeDefault.xctoolchain/usr/lib/swift/iphoneos/prebuilt-modules/26.5/Spatial.swiftmodule/arm64e-apple-ios.swiftmodule /Applications/Xcode_26.6.app/Contents/Developer/Toolchains/XcodeDefault.xctoolchain/usr/lib/swift/iphoneos/prebuilt-modules/26.5/UIKit.swiftmodule/arm64e-apple-ios.swiftmodule /Applications/Xcode_26.6.app/Contents/Developer/Toolchains/XcodeDefault.xctoolchain/usr/lib/swift/iphoneos/prebuilt-modules/26.5/ObjectiveC.swiftmodule/arm64e-apple-ios.swiftmodule /Applications/Xcode_26.6.app/Contents/Developer/Toolchains/XcodeDefault.xctoolchain/usr/lib/swift/iphoneos/prebuilt-modules/26.5/OSLog.swiftmodule/arm64e-apple-ios.swiftmodule /Applications/Xcode_26.6.app/Contents/Developer/Toolchains/XcodeDefault.xctoolchain/usr/lib/swift/iphoneos/prebuilt-modules/26.5/AVFAudio.swiftmodule/arm64e-apple-ios.swiftmodule /Applications/Xcode_26.6.app/Contents/Developer/Toolchains/XcodeDefault.xctoolchain/usr/lib/swift/iphoneos/prebuilt-modules/26.5/os.swiftmodule/arm64e-apple-ios.swiftmodule /Applications/Xcode_26.6.app/Contents/Developer/Toolchains/XcodeDefault.xctoolchain/usr/lib/swift/iphoneos/prebuilt-modules/26.5/ModelIO.swiftmodule/arm64e-apple-ios.swiftmodule /Applications/Xcode_26.6.app/Contents/Developer/Toolchains/XcodeDefault.xctoolchain/usr/lib/swift/iphoneos/prebuilt-modules/26.5/CoreData.swiftmodule/arm64e-apple-ios.swiftmodule /Applications/Xcode_26.6.app/Contents/Developer/Toolchains/XcodeDefault.xctoolchain/usr/lib/swift/iphoneos/prebuilt-modules/26.5/CoreImage.swiftmodule/arm64e-apple-ios.swiftmodule /Applications/Xcode_26.6.app/Contents/Developer/Toolchains/XcodeDefault.xctoolchain/usr/lib/swift/iphoneos/prebuilt-modules/26.5/Observation.swiftmodule/arm64e-apple-ios.swiftmodule /Applications/Xcode_26.6.app/Contents/Developer/Toolchains/XcodeDefault.xctoolchain/usr/lib/swift/iphoneos/prebuilt-modules/26.5/CoreMedia.swiftmodule/arm64e-apple-ios.swiftmodule /Applications/Xcode_26.6.app/Contents/Developer/Toolchains/XcodeDefault.xctoolchain/usr/lib/swift/iphoneos/prebuilt-modules/26.5/CoreMIDI.swiftmodule/arm64e-apple-ios.swiftmodule /Applications/Xcode_26.6.app/Contents/Developer/Toolchains/XcodeDefault.xctoolchain/usr/lib/swift/iphoneos/prebuilt-modules/26.5/CoreGraphics.swiftmodule/arm64e-apple-ios.swiftmodule /Applications/Xcode_26.6.app/Contents/Developer/Toolchains/XcodeDefault.xctoolchain/usr/lib/swift/iphoneos/prebuilt-modules/26.5/CoreVideo.swiftmodule/arm64e-apple-ios.swiftmodule /Applications/Xcode_26.6.app/Contents/Developer/Toolchains/XcodeDefault.xctoolchain/usr/lib/swift/iphoneos/prebuilt-modules/26.5/Combine.swiftmodule/arm64e-apple-ios.swiftmodule /Applications/Xcode_26.6.app/Contents/Developer/Toolchains/XcodeDefault.xctoolchain/usr/lib/swift/iphoneos/prebuilt-modules/26.5/CoreFoundation.swiftmodule/arm64e-apple-ios.swiftmodule /Applications/Xcode_26.6.app/Contents/Developer/Toolchains/XcodeDefault.xctoolchain/usr/lib/swift/iphoneos/prebuilt-modules/26.5/CoreText.swiftmodule/arm64e-apple-ios.swiftmodule /Applications/Xcode_26.6.app/Contents/Developer/Toolchains/XcodeDefault.xctoolchain/usr/lib/swift/iphoneos/prebuilt-modules/26.5/Speech.swiftmodule/arm64e-apple-ios.swiftmodule /Applications/Xcode_26.6.app/Contents/Developer/Toolchains/XcodeDefault.xctoolchain/usr/lib/swift/iphoneos/prebuilt-modules/26.5/simd.swiftmodule/arm64e-apple-ios.swiftmodule /Applications/Xcode_26.6.app/Contents/Developer/Toolchains/XcodeDefault.xctoolchain/usr/lib/swift/iphoneos/prebuilt-modules/26.5/SwiftUI.swiftmodule/arm64e-apple-ios.swiftmodule /Applications/Xcode_26.6.app/Contents/Developer/Toolchains/XcodeDefault.xctoolchain/usr/lib/swift/iphoneos/prebuilt-modules/26.5/CoreTransferable.swiftmodule/arm64e-apple-ios.swiftmodule /Applications/Xcode_26.6.app/Contents/Developer/Toolchains/XcodeDefault.xctoolchain/usr/lib/swift/iphoneos/prebuilt-modules/26.5/System.swiftmodule/arm64e-apple-ios.swiftmodule /Applications/Xcode_26.6.app/Contents/Developer/Toolchains/XcodeDefault.xctoolchain/usr/lib/swift/iphoneos/prebuilt-modules/26.5/_DarwinFoundation2.swiftmodule/arm64e-apple-ios.swiftmodule /Applications/Xcode_26.6.app/Contents/Developer/Toolchains/XcodeDefault.xctoolchain/usr/lib/swift/iphoneos/prebuilt-modules/26.5/GLKit.swiftmodule/arm64e-apple-ios.swiftmodule /Users/runner/work/SarahAI/SarahAI/DerivedData/ModuleCache.noindex/CoreGraphics-5XUOQ5VMSZXKI6LKQ9EPNOABB.pcm /Users/runner/work/SarahAI/SarahAI/DerivedData/ModuleCache.noindex/FileProvider-A7HJUF5EIEHTC3V1T5XR2NBRA.pcm /Users/runner/work/SarahAI/SarahAI/DerivedData/ModuleCache.noindex/sys_types-EE6IJXYV4H4F5EPYYVMUONG5T.pcm /Users/runner/work/SarahAI/SarahAI/DerivedData/ModuleCache.noindex/os_workgroup-BTG6HYPGO6SBHHC1YAA1ZMQ0W.pcm /Users/runner/work/SarahAI/SarahAI/DerivedData/ModuleCache.noindex/UIKit-9E11HZXR00QI2UU0PVTPRYGBF.pcm /Users/runner/work/SarahAI/SarahAI/DerivedData/ModuleCache.noindex/_Builtin_stdarg-E66SVNOSDCKSZA9F1WAURR93Y.pcm /Users/runner/work/SarahAI/SarahAI/DerivedData/ModuleCache.noindex/CoreVideo-BFUFDZJCFADZMCR73NBJ91X4E.pcm /Users/runner/work/SarahAI/SarahAI/DerivedData/ModuleCache.noindex/Darwin-B31T2V5K2ONJ2N2AGT6SAO6HF.pcm /Users/runner/work/SarahAI/SarahAI/DerivedData/ModuleCache.noindex/ModelIO-C6OUP211PUZ1DYC108JKI12A5.pcm /Users/runner/work/SarahAI/SarahAI/DerivedData/ModuleCache.noindex/_Builtin_stddef-AM85HLY4PWX0BK0N3ATH3NWGP.pcm /Users/runner/work/SarahAI/SarahAI/DerivedData/ModuleCache.noindex/OSLog-E2VVHI0OMY76RCLN7DQNVJPPW.pcm /Users/runner/work/SarahAI/SarahAI/DerivedData/ModuleCache.noindex/SwiftShims-3X9N4FC73G24YH6ZYDC0UW74E.pcm /Users/runner/work/SarahAI/SarahAI/DerivedData/ModuleCache.noindex/UIUtilities-8VO6XLI2BPNL7PY1IFS9DYQTY.pcm /Users/runner/work/SarahAI/SarahAI/DerivedData/ModuleCache.noindex/CFNetwork-3NXZW7KRKYJV9HD33DLFP5FVW.pcm /Users/runner/work/SarahAI/SarahAI/DerivedData/ModuleCache.noindex/CoreMIDI-4U0D9B7W90GPFKZFCMOF0G0VD.pcm /Users/runner/work/SarahAI/SarahAI/DerivedData/ModuleCache.noindex/Metal-2LO5DQR23UFE48PEX70T0EQMM.pcm /Users/runner/work/SarahAI/SarahAI/DerivedData/ModuleCache.noindex/_Builtin_stdatomic-CHO7LSL4XZD6CEWVXJIAVLDC.pcm /Users/runner/work/SarahAI/SarahAI/DerivedData/ModuleCache.noindex/CoreMedia-F1EI1W2AYHK1ADTBDEROATWL8.pcm /Users/runner/work/SarahAI/SarahAI/DerivedData/ModuleCache.noindex/simd-4DHRV62JYR7QEBS3Q6HS75O9E.pcm /Users/runner/work/SarahAI/SarahAI/DerivedData/ModuleCache.noindex/ptrcheck-6U14BBKT3W63XVUEX6YCCETLR.pcm /Users/runner/work/SarahAI/SarahAI/DerivedData/ModuleCache.noindex/Speech-CDMJPWV29YHQNMG3HAN728V9W.pcm /Users/runner/work/SarahAI/SarahAI/DerivedData/ModuleCache.noindex/Foundation-9SDKBFIIQW6YMTHW0GFRVEU4L.pcm /Users/runner/work/SarahAI/SarahAI/DerivedData/ModuleCache.noindex/SceneKit-2T5U8T27PM8CXTD4OXRJPV3L8.pcm /Users/runner/work/SarahAI/SarahAI/DerivedData/ModuleCache.noindex/AudioToolbox-2PTO53FH75LGEFAFKJ1WEBDK2.pcm /Users/runner/work/SarahAI/SarahAI/DerivedData/ModuleCache.noindex/ObjectiveC-595D0U0FX4H5ASEOU25C4X6K2.pcm /Users/runner/work/SarahAI/SarahAI/DerivedData/ModuleCache.noindex/_Builtin_limits-6B17AYWH2KCFW1JA3PG2PGA01.pcm /Users/runner/work/SarahAI/SarahAI/DerivedData/ModuleCache.noindex/_Builtin_stdbool-3882D631WURN9OHGHPK1DMDH3.pcm /Users/runner/work/SarahAI/SarahAI/DerivedData/ModuleCache.noindex/AVFAudio-BU83QXFS7G9O6DPH4X9X4Q1GC.pcm /Users/runner/work/SarahAI/SarahAI/DerivedData/ModuleCache.noindex/SwiftUICore-BF98EWXGFAVLPWR4VIMBZ2CIO.pcm /Users/runner/work/SarahAI/SarahAI/DerivedData/ModuleCache.noindex/SwiftUI-A33Q1LM1MEYLC9NWH4GJB0RMB.pcm /Users/runner/work/SarahAI/SarahAI/DerivedData/ModuleCache.noindex/ptrauth-SNNVMDPQ3VUJBJ3IM942MOJ6.pcm /Users/runner/work/SarahAI/SarahAI/DerivedData/ModuleCache.noindex/Network-3QTERH7MU4IMGTHBX86ECH62X.pcm /Users/runner/work/SarahAI/SarahAI/DerivedData/ModuleCache.noindex/Accessibility-8H8VDNZ67AYVPDAZ530VEO3P9.pcm /Users/runner/work/SarahAI/SarahAI/DerivedData/ModuleCache.noindex/XPC-5TCUUA8O4VMLRDROAB1T02T65.pcm /Users/runner/work/SarahAI/SarahAI/DerivedData/ModuleCache.noindex/UserNotifications-9CYWORK8X1EHSXUD0O5AHT8NE.pcm /Users/runner/work/SarahAI/SarahAI/DerivedData/ModuleCache.noindex/os-CM8DW8JDCPP1W8TVN57G6W5C8.pcm /Users/runner/work/SarahAI/SarahAI/DerivedData/ModuleCache.noindex/CoreAudio-7SDRBTZ6KCGVIBIK3IGYQ4FAW.pcm /Users/runner/work/SarahAI/SarahAI/DerivedData/ModuleCache.noindex/CoreAudioTypes-EZLP9UFCFB73YTGOI5K4UFH94.pcm /Users/runner/work/SarahAI/SarahAI/DerivedData/ModuleCache.noindex/IOSurface-2N001B5ETWRY6TJY40006GVUU.pcm /Users/runner/work/SarahAI/SarahAI/DerivedData/ModuleCache.noindex/Spatial-DZX668H35CI0HFHHY92647NN.pcm /Users/runner/work/SarahAI/SarahAI/DerivedData/ModuleCache.noindex/dnssd-A6R5MWQYUG0M5O0FKYU425Y4B.pcm /Users/runner/work/SarahAI/SarahAI/DerivedData/ModuleCache.noindex/MediaToolbox-2Q1PKI0A9SQCFXC64ATSVHA26.pcm /Users/runner/work/SarahAI/SarahAI/DerivedData/ModuleCache.noindex/AVRouting-27ZY9DV3VE2DQD98NCNUWMZZO.pcm /Users/runner/work/SarahAI/SarahAI/DerivedData/ModuleCache.noindex/DataDetection-2FYB8ZWJH0JHGD3N8ZWSUYHMM.pcm /Users/runner/work/SarahAI/SarahAI/DerivedData/ModuleCache.noindex/_Builtin_tgmath-CHK6LIDLNAOPC11INZEDHPO6D.pcm /Users/runner/work/SarahAI/SarahAI/DerivedData/ModuleCache.noindex/ImageIO-9T0Q0LDSJIH917KKOWTYGENYA.pcm /Users/runner/work/SarahAI/SarahAI/DerivedData/ModuleCache.noindex/CoreText-5T8UAB4M4NNOJJ68X0SJJSSWM.pcm /Users/runner/work/SarahAI/SarahAI/DerivedData/ModuleCache.noindex/_DarwinFoundation3-B9HDKM385A775X9ADZPBJ0EX.pcm /Users/runner/work/SarahAI/SarahAI/DerivedData/ModuleCache.noindex/QuartzCore-275OENWG0R4W6X7OXP40PXLX2.pcm /Users/runner/work/SarahAI/SarahAI/DerivedData/ModuleCache.noindex/CoreTransferable-75BAP77BC2NTSING1OP8XP4D6.pcm /Users/runner/work/SarahAI/SarahAI/DerivedData/ModuleCache.noindex/GLKit-16ZMV4GKTO82AEKJVDUISI0B0.pcm /Users/runner/work/SarahAI/SarahAI/DerivedData/ModuleCache.noindex/_Builtin_intrinsics-DUVMA4TBDPPIQ68VBB33ILUPU.pcm /Users/runner/work/SarahAI/SarahAI/DerivedData/ModuleCache.noindex/Symbols-2S1QRY04UOS12BUTTUSGL8EC7.pcm /Users/runner/work/SarahAI/SarahAI/DerivedData/ModuleCache.noindex/MachO-DVYSICM5RLJZMIYH4OUBIVJB.pcm /Users/runner/work/SarahAI/SarahAI/DerivedData/ModuleCache.noindex/_DarwinFoundation1-4N2E0NZI58HAZI7L0D7LXYRYP.pcm /Users/runner/work/SarahAI/SarahAI/DerivedData/ModuleCache.noindex/_AvailabilityInternal-7KJNBGC7N6PMAGU0FQG3UD035.pcm /Users/runner/work/SarahAI/SarahAI/DerivedData/ModuleCache.noindex/CoreImage-AVEP69UTO6O5G035OTX6MA33E.pcm /Users/runner/work/SarahAI/SarahAI/DerivedData/ModuleCache.noindex/_SwiftConcurrencyShims-CHXW7QVJCB995K6FB874XZJTY.pcm /Users/runner/work/SarahAI/SarahAI/DerivedData/ModuleCache.noindex/Dispatch-4VXWAI5X11VYL3CJLGJRZ2L6G.pcm /Users/runner/work/SarahAI/SarahAI/DerivedData/ModuleCache.noindex/OpenGLES-5W7IUZQ3R2LYMMVKLAON949GI.pcm /Users/runner/work/SarahAI/SarahAI/DerivedData/ModuleCache.noindex/os_object-D4HZEGIU7N3KJ6XM8L3JF7JZR.pcm /Users/runner/work/SarahAI/SarahAI/DerivedData/ModuleCache.noindex/_Builtin_stdint-DAJ3OHFBY57X4C4XYOS829F1E.pcm /Users/runner/work/SarahAI/SarahAI/DerivedData/ModuleCache.noindex/CoreFoundation-9L9QLQX4N5WNVRSYIIPXRVDFC.pcm /Users/runner/work/SarahAI/SarahAI/DerivedData/ModuleCache.noindex/Security-ANB3ZG87ILUD4R930X2I3G3F6.pcm /Users/runner/work/SarahAI/SarahAI/DerivedData/ModuleCache.noindex/_Builtin_inttypes-BUV9QDKMS1T66G0LJ6CUR2OKR.pcm /Users/runner/work/SarahAI/SarahAI/DerivedData/ModuleCache.noindex/UniformTypeIdentifiers-3GY0UZOFH8CU33PPJD464TA5C.pcm /Users/runner/work/SarahAI/SarahAI/DerivedData/ModuleCache.noindex/_Builtin_float-6TC5YB9TAZL99I3OWI2RPHO5U.pcm /Users/runner/work/SarahAI/SarahAI/DerivedData/ModuleCache.noindex/DeveloperToolsSupport-EMI0G5OKIKN3B4IDNVLGW9SJT.pcm /Users/runner/work/SarahAI/SarahAI/DerivedData/ModuleCache.noindex/CoreData-BPHE4X2FT7BC4NQ42WB7Q0UPE.pcm /Users/runner/work/SarahAI/SarahAI/DerivedData/ModuleCache.noindex/AVFoundation-77XSSXSHRFDB34XDSYAF7ZFJ8.pcm /Users/runner/work/SarahAI/SarahAI/DerivedData/ModuleCache.noindex/_DarwinFoundation2-A8C6MCXKJB5YO5WCFULGN4L8K.pcm /Users/runner/work/SarahAI/SarahAI/DerivedData/Build/Intermediates.noindex/SarahIA.build/Release-iphoneos/SarahIA.build/Objects-normal/arm64/SarahIA-dependencies-1.json (in target 'SarahIA' from project 'SarahIA')
CompileSwift normal arm64 (in target 'SarahIA' from project 'SarahIA')
    cd /Users/runner/work/SarahAI/SarahAI/SarahIA
    
/Users/runner/work/SarahAI/SarahAI/SarahIA/SarahIA/ViewModels/ChatViewModel.swift:359:21: warning: no 'async' operations occur within 'await' expression
        let state = await UIApplication.shared.applicationState
                    ^
/Users/runner/work/SarahAI/SarahAI/SarahIA/SarahIA/Services/AudioEngineManager.swift:67:22: warning: 'allowBluetooth' was deprecated in iOS 8.0: renamed to 'AVAudioSession.CategoryOptions.allowBluetoothHFP'
                    .allowBluetooth,
                     ^
/Users/runner/work/SarahAI/SarahAI/SarahIA/SarahIA/Services/AudioEngineManager.swift:67:22: note: use 'AVAudioSession.CategoryOptions.allowBluetoothHFP' instead
                    .allowBluetooth,
                     ^~~~~~~~~~~~~~
                     AVAudioSession.CategoryOptions.allowBluetoothHFP
/Users/runner/work/SarahAI/SarahAI/SarahIA/SarahIA/Views/MemoryVaultView.swift:218:25: error: no exact matches in call to initializer 
                        Label("Oublier", systemName: "trash")
                        ^
SwiftUI.Label.init:2:20: note: incorrect labels for candidate (have: '(_:systemName:)', expected: '(_:image:)')
nonisolated public init(_ titleKey: LocalizedStringKey, image name: String)}
                   ^
SwiftUI.Label.init:2:20: note: incorrect labels for candidate (have: '(_:systemName:)', expected: '(_:systemImage:)')
nonisolated public init(_ titleKey: LocalizedStringKey, systemImage name: String)}
                   ^
/Users/runner/work/SarahAI/SarahAI/SarahIA/SarahIA/Views/SettingsView.swift:87:18: error: 'scrollContentBackground' is only available in iOS 16.0 or newer
                .scrollContentBackground(.hidden)
                 ^
/Users/runner/work/SarahAI/SarahAI/SarahIA/SarahIA/Views/SettingsView.swift:87:18: note: add 'if #available' version check
                .scrollContentBackground(.hidden)
                 ^
/Users/runner/work/SarahAI/SarahAI/SarahIA/SarahIA/Views/SettingsView.swift:16:16: note: add '@available' attribute to enclosing property
    public var body: some View {
               ^
/Users/runner/work/SarahAI/SarahAI/SarahIA/SarahIA/Views/SettingsView.swift:4:15: note: add '@available' attribute to enclosing struct
public struct SettingsView: View {
              ^

Failed frontend command:
/Applications/Xcode_26.6.app/Contents/Developer/Toolchains/XcodeDefault.xctoolchain/usr/bin/swift-frontend -frontend -c /Users/runner/work/SarahAI/SarahAI/SarahIA/SarahIA/SarahIAApp.swift /Users/runner/work/SarahAI/SarahAI/SarahIA/SarahIA/ContentView.swift /Users/runner/work/SarahAI/SarahAI/SarahIA/SarahIA/Models/Message.swift /Users/runner/work/SarahAI/SarahAI/SarahIA/SarahIA/Services/AIService.swift /Users/runner/work/SarahAI/SarahAI/SarahIA/SarahIA/Services/NotificationService.swift /Users/runner/work/SarahAI/SarahAI/SarahIA/SarahIA/ViewModels/ChatViewModel.swift /Users/runner/work/SarahAI/SarahAI/SarahIA/SarahIA/Views/ChatBubbleView.swift /Users/runner/work/SarahAI/SarahAI/SarahIA/SarahIA/Views/MessageInputView.swift /Users/runner/work/SarahAI/SarahAI/SarahIA/SarahIA/Views/TypingIndicatorView.swift /Users/runner/work/SarahAI/SarahAI/SarahIA/SarahIA/Services/StorageService.swift /Users/runner/work/SarahAI/SarahAI/SarahIA/SarahIA/Services/AudioEngineManager.swift /Users/runner/work/SarahAI/SarahAI/SarahIA/SarahIA/Services/WhisperService.swift /Users/runner/work/SarahAI/SarahAI/SarahIA/SarahIA/Services/TTSService.swift /Users/runner/work/SarahAI/SarahAI/SarahIA/SarahIA/Services/AvatarEngine.swift /Users/runner/work/SarahAI/SarahAI/SarahIA/SarahIA/Views/Avatar3DView.swift /Users/runner/work/SarahAI/SarahAI/SarahIA/SarahIA/Services/VRMLoader.swift /Users/runner/work/SarahAI/SarahAI/SarahIA/SarahIA/Services/HapticService.swift /Users/runner/work/SarahAI/SarahAI/SarahIA/SarahIA/Views/MemoryVaultView.swift /Users/runner/work/SarahAI/SarahAI/SarahIA/SarahIA/Views/SettingsView.swift /Users/runner/work/SarahAI/SarahAI/DerivedData/Build/Intermediates.noindex/SarahIA.build/Release-iphoneos/SarahIA.build/DerivedSources/GeneratedAssetSymbols.swift -supplementary-output-file-map /Users/runner/work/SarahAI/SarahAI/DerivedData/Build/Intermediates.noindex/SarahIA.build/Release-iphoneos/SarahIA.build/Objects-normal/arm64/supplementaryOutputs-1 -emit-localized-strings -emit-localized-strings-path /Users/runner/work/SarahAI/SarahAI/DerivedData/Build/Intermediates.noindex/SarahIA.build/Release-iphoneos/SarahIA.build/Objects-normal/arm64 -target arm64-apple-ios15.0 -module-can-import-version DeveloperToolsSupport 23.40.26 23.40.26 -module-can-import-version SwiftUI 7.5.3 7.5.3 -module-can-import-version UIKit 9126.5.5.2 9126.5.5 -disable-cross-import-overlay-search -swift-module-cross-import SceneKit /Applications/Xcode_26.6.app/Contents/Developer/Platforms/iPhoneOS.platform/Developer/SDKs/iPhoneOS.sdk/System/Library/Frameworks/SceneKit.framework/Modules/SceneKit.swiftcrossimport/SwiftUI.swiftoverlay -load-resolved-plugin /Applications/Xcode_26.6.app/Contents/Developer/Platforms/iPhoneOS.platform/Developer/usr/lib/swift/host/plugins/libFoundationMacros.dylib\#/Applications/Xcode_26.6.app/Contents/Developer/Platforms/iPhoneOS.platform/Developer/usr/bin/swift-plugin-server\#FoundationMacros -load-resolved-plugin /Applications/Xcode_26.6.app/Contents/Developer/Platforms/iPhoneOS.platform/Developer/usr/lib/swift/host/plugins/libObservationMacros.dylib\#/Applications/Xcode_26.6.app/Contents/Developer/Platforms/iPhoneOS.platform/Developer/usr/bin/swift-plugin-server\#ObservationMacros -load-resolved-plugin /Applications/Xcode_26.6.app/Contents/Developer/Platforms/iPhoneOS.platform/Developer/usr/lib/swift/host/plugins/libPreviewsMacros.dylib\#/Applications/Xcode_26.6.app/Contents/Developer/Platforms/iPhoneOS.platform/Developer/usr/bin/swift-plugin-server\#PreviewsMacros -load-resolved-plugin /Applications/Xcode_26.6.app/Contents/Developer/Platforms/iPhoneOS.platform/Developer/usr/lib/swift/host/plugins/libSwiftMacros.dylib\#/Applications/Xcode_26.6.app/Contents/Developer/Platforms/iPhoneOS.platform/Developer/usr/bin/swift-plugin-server\#SwiftMacros -load-resolved-plugin /Applications/Xcode_26.6.app/Contents/Developer/Platforms/iPhoneOS.platform/Developer/usr/lib/swift/host/plugins/libSwiftUIMacros.dylib\#/Applications/Xcode_26.6.app/Contents/Developer/Platforms/iPhoneOS.platform/Developer/usr/bin/swift-plugin-server\#SwiftUIMacros -disable-implicit-swift-modules -Xcc -fno-implicit-modules -Xcc -fno-implicit-module-maps -explicit-swift-module-map-file /Users/runner/work/SarahAI/SarahAI/DerivedData/Build/Intermediates.noindex/SarahIA.build/Release-iphoneos/SarahIA.build/Objects-normal/arm64/SarahIA-dependencies-1.json -debug-module-path /Users/runner/work/SarahAI/SarahAI/DerivedData/Build/Intermediates.noindex/SarahIA.build/Release-iphoneos/SarahIA.build/Objects-normal/arm64/SarahIA.swiftmodule -Xllvm -aarch64-use-tbi -enable-objc-interop -stack-check -sdk /Applications/Xcode_26.6.app/Contents/Developer/Platforms/iPhoneOS.platform/Developer/SDKs/iPhoneOS26.5.sdk -I /Users/runner/work/SarahAI/SarahAI/DerivedData/Build/Products/Release-iphoneos -F /Users/runner/work/SarahAI/SarahAI/DerivedData/Build/Products/Release-iphoneos -no-color-diagnostics -Xcc -fno-color-diagnostics -g -debug-info-format\=dwarf -dwarf-version\=4 -module-cache-path /Users/runner/work/SarahAI/SarahAI/DerivedData/Build/Intermediates.noindex/SwiftExplicitPrecompiledModules -swift-version 5 -O -serialize-debugging-options -const-gather-protocols-file /Users/runner/work/SarahAI/SarahAI/DerivedData/Build/Intermediates.noindex/SarahIA.build/Release-iphoneos/SarahIA.build/Objects-normal/arm64/SarahIA_const_extract_protocols.json -enable-experimental-feature DebugDescriptionMacro -enable-bare-slash-regex -empty-abi-descriptor -validate-clang-modules-once -clang-build-session-file /Users/runner/work/SarahAI/SarahAI/DerivedData/ModuleCache.noindex/Session.modulevalidation -Xcc -working-directory -Xcc /Users/runner/work/SarahAI/SarahAI/SarahIA -file-compilation-dir /Users/runner/work/SarahAI/SarahAI/SarahIA -Xcc -ivfsstatcache -Xcc /Users/runner/work/SarahAI/SarahAI/DerivedData/SDKStatCaches.noindex/iphoneos26.5-23F81a-688ef53f1462e2c8f657fdc38a81448fee66e23052a0157c865c76b268046726.sdkstatcache -Xcc -I/Users/runner/work/SarahAI/SarahAI/DerivedData/Build/Intermediates.noindex/SarahIA.build/Release-iphoneos/SarahIA.build/swift-overrides.hmap -Xcc -iquote -Xcc /Users/runner/work/SarahAI/SarahAI/DerivedData/Build/Intermediates.noindex/SarahIA.build/Release-iphoneos/SarahIA.build/SarahIA-generated-files.hmap -Xcc -I/Users/runner/work/SarahAI/SarahAI/DerivedData/Build/Intermediates.noindex/SarahIA.build/Release-iphoneos/SarahIA.build/SarahIA-own-target-headers.hmap -Xcc -I/Users/runner/work/SarahAI/SarahAI/DerivedData/Build/Intermediates.noindex/SarahIA.build/Release-iphoneos/SarahIA.build/SarahIA-all-target-headers.hmap -Xcc -iquote -Xcc /Users/runner/work/SarahAI/SarahAI/DerivedData/Build/Intermediates.noindex/SarahIA.build/Release-iphoneos/SarahIA.build/SarahIA-project-headers.hmap -Xcc -I/Users/runner/work/SarahAI/SarahAI/DerivedData/Build/Products/Release-iphoneos/include -Xcc -I/Users/runner/work/SarahAI/SarahAI/DerivedData/Build/Intermediates.noindex/SarahIA.build/Release-iphoneos/SarahIA.build/DerivedSources-normal/arm64 -Xcc -I/Users/runner/work/SarahAI/SarahAI/DerivedData/Build/Intermediates.noindex/SarahIA.build/Release-iphoneos/SarahIA.build/DerivedSources/arm64 -Xcc -I/Users/runner/work/SarahAI/SarahAI/DerivedData/Build/Intermediates.noindex/SarahIA.build/Release-iphoneos/SarahIA.build/DerivedSources -no-auto-bridging-header-chaining -module-name SarahIA -frontend-parseable-output -disable-clang-spi -clang-target arm64-apple-ios26.5 -target-sdk-version 26.5 -target-sdk-name iphoneos26.5 -in-process-plugin-server-path /Applications/Xcode_26.6.app/Contents/Developer/Toolchains/XcodeDefault.xctoolchain/usr/lib/swift/host/libSwiftInProcPluginServer.dylib -enable-default-cmo -num-threads 3 -o /Users/runner/work/SarahAI/SarahAI/DerivedData/Build/Intermediates.noindex/SarahIA.build/Release-iphoneos/SarahIA.build/Objects-normal/arm64/SarahIAApp.o -o /Users/runner/work/SarahAI/SarahAI/DerivedData/Build/Intermediates.noindex/SarahIA.build/Release-iphoneos/SarahIA.build/Objects-normal/arm64/ContentView.o -o /Users/runner/work/SarahAI/SarahAI/DerivedData/Build/Intermediates.noindex/SarahIA.build/Release-iphoneos/SarahIA.build/Objects-normal/arm64/Message.o -o /Users/runner/work/SarahAI/SarahAI/DerivedData/Build/Intermediates.noindex/SarahIA.build/Release-iphoneos/SarahIA.build/Objects-normal/arm64/AIService.o -o /Users/runner/work/SarahAI/SarahAI/DerivedData/Build/Intermediates.noindex/SarahIA.build/Release-iphoneos/SarahIA.build/Objects-normal/arm64/NotificationService.o -o /Users/runner/work/SarahAI/SarahAI/DerivedData/Build/Intermediates.noindex/SarahIA.build/Release-iphoneos/SarahIA.build/Objects-normal/arm64/ChatViewModel.o -o /Users/runner/work/SarahAI/SarahAI/DerivedData/Build/Intermediates.noindex/SarahIA.build/Release-iphoneos/SarahIA.build/Objects-normal/arm64/ChatBubbleView.o -o /Users/runner/work/SarahAI/SarahAI/DerivedData/Build/Intermediates.noindex/SarahIA.build/Release-iphoneos/SarahIA.build/Objects-normal/arm64/MessageInputView.o -o /Users/runner/work/SarahAI/SarahAI/DerivedData/Build/Intermediates.noindex/SarahIA.build/Release-iphoneos/SarahIA.build/Objects-normal/arm64/TypingIndicatorView.o -o /Users/runner/work/SarahAI/SarahAI/DerivedData/Build/Intermediates.noindex/SarahIA.build/Release-iphoneos/SarahIA.build/Objects-normal/arm64/StorageService.o -o /Users/runner/work/SarahAI/SarahAI/DerivedData/Build/Intermediates.noindex/SarahIA.build/Release-iphoneos/SarahIA.build/Objects-normal/arm64/AudioEngineManager.o -o /Users/runner/work/SarahAI/SarahAI/DerivedData/Build/Intermediates.noindex/SarahIA.build/Release-iphoneos/SarahIA.build/Objects-normal/arm64/WhisperService.o -o /Users/runner/work/SarahAI/SarahAI/DerivedData/Build/Intermediates.noindex/SarahIA.build/Release-iphoneos/SarahIA.build/Objects-normal/arm64/TTSService.o -o /Users/runner/work/SarahAI/SarahAI/DerivedData/Build/Intermediates.noindex/SarahIA.build/Release-iphoneos/SarahIA.build/Objects-normal/arm64/AvatarEngine.o -o /Users/runner/work/SarahAI/SarahAI/DerivedData/Build/Intermediates.noindex/SarahIA.build/Release-iphoneos/SarahIA.build/Objects-normal/arm64/Avatar3DView.o -o /Users/runner/work/SarahAI/SarahAI/DerivedData/Build/Intermediates.noindex/SarahIA.build/Release-iphoneos/SarahIA.build/Objects-normal/arm64/VRMLoader.o -o /Users/runner/work/SarahAI/SarahAI/DerivedData/Build/Intermediates.noindex/SarahIA.build/Release-iphoneos/SarahIA.build/Objects-normal/arm64/HapticService.o -o /Users/runner/work/SarahAI/SarahAI/DerivedData/Build/Intermediates.noindex/SarahIA.build/Release-iphoneos/SarahIA.build/Objects-normal/arm64/MemoryVaultView.o -o /Users/runner/work/SarahAI/SarahAI/DerivedData/Build/Intermediates.noindex/SarahIA.build/Release-iphoneos/SarahIA.build/Objects-normal/arm64/SettingsView.o -o /Users/runner/work/SarahAI/SarahAI/DerivedData/Build/Intermediates.noindex/SarahIA.build/Release-iphoneos/SarahIA.build/Objects-normal/arm64/GeneratedAssetSymbols.o -index-unit-output-path /SarahIA.build/Release-iphoneos/SarahIA.build/Objects-normal/arm64/SarahIAApp.o -index-unit-output-path /SarahIA.build/Release-iphoneos/SarahIA.build/Objects-normal/arm64/ContentView.o -index-unit-output-path /SarahIA.build/Release-iphoneos/SarahIA.build/Objects-normal/arm64/Message.o -index-unit-output-path /SarahIA.build/Release-iphoneos/SarahIA.build/Objects-normal/arm64/AIService.o -index-unit-output-path /SarahIA.build/Release-iphoneos/SarahIA.build/Objects-normal/arm64/NotificationService.o -index-unit-output-path /SarahIA.build/Release-iphoneos/SarahIA.build/Objects-normal/arm64/ChatViewModel.o -index-unit-output-path /SarahIA.build/Release-iphoneos/SarahIA.build/Objects-normal/arm64/ChatBubbleView.o -index-unit-output-path /SarahIA.build/Release-iphoneos/SarahIA.build/Objects-normal/arm64/MessageInputView.o -index-unit-output-path /SarahIA.build/Release-iphoneos/SarahIA.build/Objects-normal/arm64/TypingIndicatorView.o -index-unit-output-path /SarahIA.build/Release-iphoneos/SarahIA.build/Objects-normal/arm64/StorageService.o -index-unit-output-path /SarahIA.build/Release-iphoneos/SarahIA.build/Objects-normal/arm64/AudioEngineManager.o -index-unit-output-path /SarahIA.build/Release-iphoneos/SarahIA.build/Objects-normal/arm64/WhisperService.o -index-unit-output-path /SarahIA.build/Release-iphoneos/SarahIA.build/Objects-normal/arm64/TTSService.o -index-unit-output-path /SarahIA.build/Release-iphoneos/SarahIA.build/Objects-normal/arm64/AvatarEngine.o -index-unit-output-path /SarahIA.build/Release-iphoneos/SarahIA.build/Objects-normal/arm64/Avatar3DView.o -index-unit-output-path /SarahIA.build/Release-iphoneos/SarahIA.build/Objects-normal/arm64/VRMLoader.o -index-unit-output-path /SarahIA.build/Release-iphoneos/SarahIA.build/Objects-normal/arm64/HapticService.o -index-unit-output-path /SarahIA.build/Release-iphoneos/SarahIA.build/Objects-normal/arm64/MemoryVaultView.o -index-unit-output-path /SarahIA.build/Release-iphoneos/SarahIA.build/Objects-normal/arm64/SettingsView.o -index-unit-output-path /SarahIA.build/Release-iphoneos/SarahIA.build/Objects-normal/arm64/GeneratedAssetSymbols.o
LinkAssetCatalog /Users/runner/work/SarahAI/SarahAI/SarahIA/SarahIA/Assets.xcassets (in target 'SarahIA' from project 'SarahIA')
    cd /Users/runner/work/SarahAI/SarahAI/SarahIA
    builtin-linkAssetCatalog --thinned /Users/runner/work/SarahAI/SarahAI/DerivedData/Build/Intermediates.noindex/SarahIA.build/Release-iphoneos/SarahIA.build/assetcatalog_output/thinned --thinned-dependencies /Users/runner/work/SarahAI/SarahAI/DerivedData/Build/Intermediates.noindex/SarahIA.build/Release-iphoneos/SarahIA.build/assetcatalog_dependencies_thinned --thinned-info-plist-content /Users/runner/work/SarahAI/SarahAI/DerivedData/Build/Intermediates.noindex/SarahIA.build/Release-iphoneos/SarahIA.build/assetcatalog_generated_info.plist_thinned --unthinned /Users/runner/work/SarahAI/SarahAI/DerivedData/Build/Intermediates.noindex/SarahIA.build/Release-iphoneos/SarahIA.build/assetcatalog_output/unthinned --unthinned-dependencies /Users/runner/work/SarahAI/SarahAI/DerivedData/Build/Intermediates.noindex/SarahIA.build/Release-iphoneos/SarahIA.build/assetcatalog_dependencies_unthinned --unthinned-info-plist-content /Users/runner/work/SarahAI/SarahAI/DerivedData/Build/Intermediates.noindex/SarahIA.build/Release-iphoneos/SarahIA.build/assetcatalog_generated_info.plist_unthinned --output /Users/runner/work/SarahAI/SarahAI/DerivedData/Build/Products/Release-iphoneos/SarahIA.app --plist-output /Users/runner/work/SarahAI/SarahAI/DerivedData/Build/Intermediates.noindex/SarahIA.build/Release-iphoneos/SarahIA.build/assetcatalog_generated_info.plist
note: Emplaced /Users/runner/work/SarahAI/SarahAI/DerivedData/Build/Products/Release-iphoneos/SarahIA.app/Assets.car (in target 'SarahIA' from project 'SarahIA')
note: Emplaced /Users/runner/work/SarahAI/SarahAI/DerivedData/Build/Products/Release-iphoneos/SarahIA.app/AppIcon76x76@2x~ipad.png (in target 'SarahIA' from project 'SarahIA')
note: Emplaced /Users/runner/work/SarahAI/SarahAI/DerivedData/Build/Products/Release-iphoneos/SarahIA.app/AppIcon60x60@2x.png (in target 'SarahIA' from project 'SarahIA')

ProcessInfoPlistFile /Users/runner/work/SarahAI/SarahAI/DerivedData/Build/Products/Release-iphoneos/SarahIA.app/Info.plist /Users/runner/work/SarahAI/SarahAI/SarahIA/SarahIA/Info.plist (in target 'SarahIA' from project 'SarahIA')
    cd /Users/runner/work/SarahAI/SarahAI/SarahIA
    builtin-infoPlistUtility /Users/runner/work/SarahAI/SarahAI/SarahIA/SarahIA/Info.plist -producttype com.apple.product-type.application -genpkginfo /Users/runner/work/SarahAI/SarahAI/DerivedData/Build/Products/Release-iphoneos/SarahIA.app/PkgInfo -expandbuildsettings -format binary -platform iphoneos -additionalcontentfile /Users/runner/work/SarahAI/SarahAI/DerivedData/Build/Intermediates.noindex/SarahIA.build/Release-iphoneos/SarahIA.build/assetcatalog_generated_info.plist -requiredArchitecture arm64 -o /Users/runner/work/SarahAI/SarahAI/DerivedData/Build/Products/Release-iphoneos/SarahIA.app/Info.plist

** BUILD FAILED **


The following build commands failed:
	CompileSwift normal arm64 (in target 'SarahIA' from project 'SarahIA')
	SwiftCompile normal arm64 Compiling\ SarahIAApp.swift,\ ContentView.swift,\ Message.swift,\ AIService.swift,\ NotificationService.swift,\ ChatViewModel.swift,\ ChatBubbleView.swift,\ MessageInputView.swift,\ TypingIndicatorView.swift,\ StorageService.swift,\ AudioEngineManager.swift,\ WhisperService.swift,\ TTSService.swift,\ AvatarEngine.swift,\ Avatar3DView.swift,\ VRMLoader.swift,\ HapticService.swift,\ MemoryVaultView.swift,\ SettingsView.swift,\ GeneratedAssetSymbols.swift /Users/runner/work/SarahAI/SarahAI/SarahIA/SarahIA/SarahIAApp.swift /Users/runner/work/SarahAI/SarahAI/SarahIA/SarahIA/ContentView.swift /Users/runner/work/SarahAI/SarahAI/SarahIA/SarahIA/Models/Message.swift /Users/runner/work/SarahAI/SarahAI/SarahIA/SarahIA/Services/AIService.swift /Users/runner/work/SarahAI/SarahAI/SarahIA/SarahIA/Services/NotificationService.swift /Users/runner/work/SarahAI/SarahAI/SarahIA/SarahIA/ViewModels/ChatViewModel.swift /Users/runner/work/SarahAI/SarahAI/SarahIA/SarahIA/Views/ChatBubbleView.swift /Users/runner/work/SarahAI/SarahAI/SarahIA/SarahIA/Views/MessageInputView.swift /Users/runner/work/SarahAI/SarahAI/SarahIA/SarahIA/Views/TypingIndicatorView.swift /Users/runner/work/SarahAI/SarahAI/SarahIA/SarahIA/Services/StorageService.swift /Users/runner/work/SarahAI/SarahAI/SarahIA/SarahIA/Services/AudioEngineManager.swift /Users/runner/work/SarahAI/SarahAI/SarahIA/SarahIA/Services/WhisperService.swift /Users/runner/work/SarahAI/SarahAI/SarahIA/SarahIA/Services/TTSService.swift /Users/runner/work/SarahAI/SarahAI/SarahIA/SarahIA/Services/AvatarEngine.swift /Users/runner/work/SarahAI/SarahAI/SarahIA/SarahIA/Views/Avatar3DView.swift /Users/runner/work/SarahAI/SarahAI/SarahIA/SarahIA/Services/VRMLoader.swift /Users/runner/work/SarahAI/SarahAI/SarahIA/SarahIA/Services/HapticService.swift /Users/runner/work/SarahAI/SarahAI/SarahIA/SarahIA/Views/MemoryVaultView.swift /Users/runner/work/SarahAI/SarahAI/SarahIA/SarahIA/Views/SettingsView.swift /Users/runner/work/SarahAI/SarahAI/DerivedData/Build/Intermediates.noindex/SarahIA.build/Release-iphoneos/SarahIA.build/DerivedSources/GeneratedAssetSymbols.swift /Applications/Xcode_26.6.app/Contents/Developer/Toolchains/XcodeDefault.xctoolchain/usr/lib/swift/iphoneos/prebuilt-modules/26.5/_StringProcessing.swiftmodule/arm64e-apple-ios.swiftmodule /Applications/Xcode_26.6.app/Contents/Developer/Toolchains/XcodeDefault.xctoolchain/usr/lib/swift/iphoneos/prebuilt-modules/26.5/DataDetection.swiftmodule/arm64e-apple-ios.swiftmodule /Applications/Xcode_26.6.app/Contents/Developer/Toolchains/XcodeDefault.xctoolchain/usr/lib/swift/iphoneos/prebuilt-modules/26.5/Foundation.swiftmodule/arm64e-apple-ios.swiftmodule /Applications/Xcode_26.6.app/Contents/Developer/Toolchains/XcodeDefault.xctoolchain/usr/lib/swift/iphoneos/prebuilt-modules/26.5/Dispatch.swiftmodule/arm64e-apple-ios.swiftmodule /Applications/Xcode_26.6.app/Contents/Developer/Toolchains/XcodeDefault.xctoolchain/usr/lib/swift/iphoneos/prebuilt-modules/26.5/_SceneKit_SwiftUI.swiftmodule/arm64e-apple-ios.swiftmodule /Applications/Xcode_26.6.app/Contents/Developer/Toolchains/XcodeDefault.xctoolchain/usr/lib/swift/iphoneos/prebuilt-modules/26.5/XPC.swiftmodule/arm64e-apple-ios.swiftmodule /Applications/Xcode_26.6.app/Contents/Developer/Toolchains/XcodeDefault.xctoolchain/usr/lib/swift/iphoneos/prebuilt-modules/26.5/Swift.swiftmodule/arm64e-apple-ios.swiftmodule /Applications/Xcode_26.6.app/Contents/Developer/Toolchains/XcodeDefault.xctoolchain/usr/lib/swift/iphoneos/prebuilt-modules/26.5/_DarwinFoundation1.swiftmodule/arm64e-apple-ios.swiftmodule /Applications/Xcode_26.6.app/Contents/Developer/Toolchains/XcodeDefault.xctoolchain/usr/lib/swift/iphoneos/prebuilt-modules/26.5/Symbols.swiftmodule/arm64e-apple-ios.swiftmodule /Applications/Xcode_26.6.app/Contents/Developer/Toolchains/XcodeDefault.xctoolchain/usr/lib/swift/iphoneos/prebuilt-modules/26.5/_DarwinFoundation3.swiftmodule/arm64e-apple-ios.swiftmodule /Applications/Xcode_26.6.app/Contents/Developer/Toolchains/XcodeDefault.xctoolchain/usr/lib/swift/iphoneos/prebuilt-modules/26.5/CoreAudio.swiftmodule/arm64e-apple-ios.swiftmodule /Applications/Xcode_26.6.app/Contents/Developer/Toolchains/XcodeDefault.xctoolchain/usr/lib/swift/iphoneos/prebuilt-modules/26.5/Accessibility.swiftmodule/arm64e-apple-ios.swiftmodule /Applications/Xcode_26.6.app/Contents/Developer/Toolchains/XcodeDefault.xctoolchain/usr/lib/swift/iphoneos/prebuilt-modules/26.5/Darwin.swiftmodule/arm64e-apple-ios.swiftmodule /Applications/Xcode_26.6.app/Contents/Developer/Toolchains/XcodeDefault.xctoolchain/usr/lib/swift/iphoneos/prebuilt-modules/26.5/SwiftUICore.swiftmodule/arm64e-apple-ios.swiftmodule /Applications/Xcode_26.6.app/Contents/Developer/Toolchains/XcodeDefault.xctoolchain/usr/lib/swift/iphoneos/prebuilt-modules/26.5/UniformTypeIdentifiers.swiftmodule/arm64e-apple-ios.swiftmodule /Applications/Xcode_26.6.app/Contents/Developer/Toolchains/XcodeDefault.xctoolchain/usr/lib/swift/iphoneos/prebuilt-modules/26.5/DeveloperToolsSupport.swiftmodule/arm64e-apple-ios.swiftmodule /Applications/Xcode_26.6.app/Contents/Developer/Toolchains/XcodeDefault.xctoolchain/usr/lib/swift/iphoneos/prebuilt-modules/26.5/_Concurrency.swiftmodule/arm64e-apple-ios.swiftmodule /Applications/Xcode_26.6.app/Contents/Developer/Toolchains/XcodeDefault.xctoolchain/usr/lib/swift/iphoneos/prebuilt-modules/26.5/_Builtin_float.swiftmodule/arm64e-apple-ios.swiftmodule /Applications/Xcode_26.6.app/Contents/Developer/Toolchains/XcodeDefault.xctoolchain/usr/lib/swift/iphoneos/prebuilt-modules/26.5/AudioToolbox.swiftmodule/arm64e-apple-ios.swiftmodule /Applications/Xcode_26.6.app/Contents/Developer/Toolchains/XcodeDefault.xctoolchain/usr/lib/swift/iphoneos/prebuilt-modules/26.5/SceneKit.swiftmodule/arm64e-apple-ios.swiftmodule /Applications/Xcode_26.6.app/Contents/Developer/Toolchains/XcodeDefault.xctoolchain/usr/lib/swift/iphoneos/prebuilt-modules/26.5/FileProvider.swiftmodule/arm64e-apple-ios.swiftmodule /Applications/Xcode_26.6.app/Contents/Developer/Toolchains/XcodeDefault.xctoolchain/usr/lib/swift/iphoneos/prebuilt-modules/26.5/Synchronization.swiftmodule/arm64e-apple-ios.swiftmodule /Applications/Xcode_26.6.app/Contents/Developer/Toolchains/XcodeDefault.xctoolchain/usr/lib/swift/iphoneos/prebuilt-modules/26.5/AVFoundation.swiftmodule/arm64e-apple-ios.swiftmodule /Applications/Xcode_26.6.app/Contents/Developer/Toolchains/XcodeDefault.xctoolchain/usr/lib/swift/iphoneos/prebuilt-modules/26.5/Metal.swiftmodule/arm64e-apple-ios.swiftmodule /Applications/Xcode_26.6.app/Contents/Developer/Toolchains/XcodeDefault.xctoolchain/usr/lib/swift/iphoneos/prebuilt-modules/26.5/QuartzCore.swiftmodule/arm64e-apple-ios.swiftmodule /Applications/Xcode_26.6.app/Contents/Developer/Toolchains/XcodeDefault.xctoolchain/usr/lib/swift/iphoneos/prebuilt-modules/26.5/Spatial.swiftmodule/arm64e-apple-ios.swiftmodule /Applications/Xcode_26.6.app/Contents/Developer/Toolchains/XcodeDefault.xctoolchain/usr/lib/swift/iphoneos/prebuilt-modules/26.5/UIKit.swiftmodule/arm64e-apple-ios.swiftmodule /Applications/Xcode_26.6.app/Contents/Developer/Toolchains/XcodeDefault.xctoolchain/usr/lib/swift/iphoneos/prebuilt-modules/26.5/ObjectiveC.swiftmodule/arm64e-apple-ios.swiftmodule /Applications/Xcode_26.6.app/Contents/Developer/Toolchains/XcodeDefault.xctoolchain/usr/lib/swift/iphoneos/prebuilt-modules/26.5/OSLog.swiftmodule/arm64e-apple-ios.swiftmodule /Applications/Xcode_26.6.app/Contents/Developer/Toolchains/XcodeDefault.xctoolchain/usr/lib/swift/iphoneos/prebuilt-modules/26.5/AVFAudio.swiftmodule/arm64e-apple-ios.swiftmodule /Applications/Xcode_26.6.app/Contents/Developer/Toolchains/XcodeDefault.xctoolchain/usr/lib/swift/iphoneos/prebuilt-modules/26.5/os.swiftmodule/arm64e-apple-ios.swiftmodule /Applications/Xcode_26.6.app/Contents/Developer/Toolchains/XcodeDefault.xctoolchain/usr/lib/swift/iphoneos/prebuilt-modules/26.5/ModelIO.swiftmodule/arm64e-apple-ios.swiftmodule /Applications/Xcode_26.6.app/Contents/Developer/Toolchains/XcodeDefault.xctoolchain/usr/lib/swift/iphoneos/prebuilt-modules/26.5/CoreData.swiftmodule/arm64e-apple-ios.swiftmodule /Applications/Xcode_26.6.app/Contents/Developer/Toolchains/XcodeDefault.xctoolchain/usr/lib/swift/iphoneos/prebuilt-modules/26.5/CoreImage.swiftmodule/arm64e-apple-ios.swiftmodule /Applications/Xcode_26.6.app/Contents/Developer/Toolchains/XcodeDefault.xctoolchain/usr/lib/swift/iphoneos/prebuilt-modules/26.5/Observation.swiftmodule/arm64e-apple-ios.swiftmodule /Applications/Xcode_26.6.app/Contents/Developer/Toolchains/XcodeDefault.xctoolchain/usr/lib/swift/iphoneos/prebuilt-modules/26.5/CoreMedia.swiftmodule/arm64e-apple-ios.swiftmodule /Applications/Xcode_26.6.app/Contents/Developer/Toolchains/XcodeDefault.xctoolchain/usr/lib/swift/iphoneos/prebuilt-modules/26.5/CoreMIDI.swiftmodule/arm64e-apple-ios.swiftmodule /Applications/Xcode_26.6.app/Contents/Developer/Toolchains/XcodeDefault.xctoolchain/usr/lib/swift/iphoneos/prebuilt-modules/26.5/CoreGraphics.swiftmodule/arm64e-apple-ios.swiftmodule /Applications/Xcode_26.6.app/Contents/Developer/Toolchains/XcodeDefault.xctoolchain/usr/lib/swift/iphoneos/prebuilt-modules/26.5/CoreVideo.swiftmodule/arm64e-apple-ios.swiftmodule /Applications/Xcode_26.6.app/Contents/Developer/Toolchains/XcodeDefault.xctoolchain/usr/lib/swift/iphoneos/prebuilt-modules/26.5/Combine.swiftmodule/arm64e-apple-ios.swiftmodule /Applications/Xcode_26.6.app/Contents/Developer/Toolchains/XcodeDefault.xctoolchain/usr/lib/swift/iphoneos/prebuilt-modules/26.5/CoreFoundation.swiftmodule/arm64e-apple-ios.swiftmodule /Applications/Xcode_26.6.app/Contents/Developer/Toolchains/XcodeDefault.xctoolchain/usr/lib/swift/iphoneos/prebuilt-modules/26.5/CoreText.swiftmodule/arm64e-apple-ios.swiftmodule /Applications/Xcode_26.6.app/Contents/Developer/Toolchains/XcodeDefault.xctoolchain/usr/lib/swift/iphoneos/prebuilt-modules/26.5/Speech.swiftmodule/arm64e-apple-ios.swiftmodule /Applications/Xcode_26.6.app/Contents/Developer/Toolchains/XcodeDefault.xctoolchain/usr/lib/swift/iphoneos/prebuilt-modules/26.5/simd.swiftmodule/arm64e-apple-ios.swiftmodule /Applications/Xcode_26.6.app/Contents/Developer/Toolchains/XcodeDefault.xctoolchain/usr/lib/swift/iphoneos/prebuilt-modules/26.5/SwiftUI.swiftmodule/arm64e-apple-ios.swiftmodule /Applications/Xcode_26.6.app/Contents/Developer/Toolchains/XcodeDefault.xctoolchain/usr/lib/swift/iphoneos/prebuilt-modules/26.5/CoreTransferable.swiftmodule/arm64e-apple-ios.swiftmodule /Applications/Xcode_26.6.app/Contents/Developer/Toolchains/XcodeDefault.xctoolchain/usr/lib/swift/iphoneos/prebuilt-modules/26.5/System.swiftmodule/arm64e-apple-ios.swiftmodule /Applications/Xcode_26.6.app/Contents/Developer/Toolchains/XcodeDefault.xctoolchain/usr/lib/swift/iphoneos/prebuilt-modules/26.5/_DarwinFoundation2.swiftmodule/arm64e-apple-ios.swiftmodule /Applications/Xcode_26.6.app/Contents/Developer/Toolchains/XcodeDefault.xctoolchain/usr/lib/swift/iphoneos/prebuilt-modules/26.5/GLKit.swiftmodule/arm64e-apple-ios.swiftmodule /Users/runner/work/SarahAI/SarahAI/DerivedData/ModuleCache.noindex/CoreGraphics-5XUOQ5VMSZXKI6LKQ9EPNOABB.pcm /Users/runner/work/SarahAI/SarahAI/DerivedData/ModuleCache.noindex/FileProvider-A7HJUF5EIEHTC3V1T5XR2NBRA.pcm /Users/runner/work/SarahAI/SarahAI/DerivedData/ModuleCache.noindex/sys_types-EE6IJXYV4H4F5EPYYVMUONG5T.pcm /Users/runner/work/SarahAI/SarahAI/DerivedData/ModuleCache.noindex/os_workgroup-BTG6HYPGO6SBHHC1YAA1ZMQ0W.pcm /Users/runner/work/SarahAI/SarahAI/DerivedData/ModuleCache.noindex/UIKit-9E11HZXR00QI2UU0PVTPRYGBF.pcm /Users/runner/work/SarahAI/SarahAI/DerivedData/ModuleCache.noindex/_Builtin_stdarg-E66SVNOSDCKSZA9F1WAURR93Y.pcm /Users/runner/work/SarahAI/SarahAI/DerivedData/ModuleCache.noindex/CoreVideo-BFUFDZJCFADZMCR73NBJ91X4E.pcm /Users/runner/work/SarahAI/SarahAI/DerivedData/ModuleCache.noindex/Darwin-B31T2V5K2ONJ2N2AGT6SAO6HF.pcm /Users/runner/work/SarahAI/SarahAI/DerivedData/ModuleCache.noindex/ModelIO-C6OUP211PUZ1DYC108JKI12A5.pcm /Users/runner/work/SarahAI/SarahAI/DerivedData/ModuleCache.noindex/_Builtin_stddef-AM85HLY4PWX0BK0N3ATH3NWGP.pcm /Users/runner/work/SarahAI/SarahAI/DerivedData/ModuleCache.noindex/OSLog-E2VVHI0OMY76RCLN7DQNVJPPW.pcm /Users/runner/work/SarahAI/SarahAI/DerivedData/ModuleCache.noindex/SwiftShims-3X9N4FC73G24YH6ZYDC0UW74E.pcm /Users/runner/work/SarahAI/SarahAI/DerivedData/ModuleCache.noindex/UIUtilities-8VO6XLI2BPNL7PY1IFS9DYQTY.pcm /Users/runner/work/SarahAI/SarahAI/DerivedData/ModuleCache.noindex/CFNetwork-3NXZW7KRKYJV9HD33DLFP5FVW.pcm /Users/runner/work/SarahAI/SarahAI/DerivedData/ModuleCache.noindex/CoreMIDI-4U0D9B7W90GPFKZFCMOF0G0VD.pcm /Users/runner/work/SarahAI/SarahAI/DerivedData/ModuleCache.noindex/Metal-2LO5DQR23UFE48PEX70T0EQMM.pcm /Users/runner/work/SarahAI/SarahAI/DerivedData/ModuleCache.noindex/_Builtin_stdatomic-CHO7LSL4XZD6CEWVXJIAVLDC.pcm /Users/runner/work/SarahAI/SarahAI/DerivedData/ModuleCache.noindex/CoreMedia-F1EI1W2AYHK1ADTBDEROATWL8.pcm /Users/runner/work/SarahAI/SarahAI/DerivedData/ModuleCache.noindex/simd-4DHRV62JYR7QEBS3Q6HS75O9E.pcm /Users/runner/work/SarahAI/SarahAI/DerivedData/ModuleCache.noindex/ptrcheck-6U14BBKT3W63XVUEX6YCCETLR.pcm /Users/runner/work/SarahAI/SarahAI/DerivedData/ModuleCache.noindex/Speech-CDMJPWV29YHQNMG3HAN728V9W.pcm /Users/runner/work/SarahAI/SarahAI/DerivedData/ModuleCache.noindex/Foundation-9SDKBFIIQW6YMTHW0GFRVEU4L.pcm /Users/runner/work/SarahAI/SarahAI/DerivedData/ModuleCache.noindex/SceneKit-2T5U8T27PM8CXTD4OXRJPV3L8.pcm /Users/runner/work/SarahAI/SarahAI/DerivedData/ModuleCache.noindex/AudioToolbox-2PTO53FH75LGEFAFKJ1WEBDK2.pcm /Users/runner/work/SarahAI/SarahAI/DerivedData/ModuleCache.noindex/ObjectiveC-595D0U0FX4H5ASEOU25C4X6K2.pcm /Users/runner/work/SarahAI/SarahAI/DerivedData/ModuleCache.noindex/_Builtin_limits-6B17AYWH2KCFW1JA3PG2PGA01.pcm /Users/runner/work/SarahAI/SarahAI/DerivedData/ModuleCache.noindex/_Builtin_stdbool-3882D631WURN9OHGHPK1DMDH3.pcm /Users/runner/work/SarahAI/SarahAI/DerivedData/ModuleCache.noindex/AVFAudio-BU83QXFS7G9O6DPH4X9X4Q1GC.pcm /Users/runner/work/SarahAI/SarahAI/DerivedData/ModuleCache.noindex/SwiftUICore-BF98EWXGFAVLPWR4VIMBZ2CIO.pcm /Users/runner/work/SarahAI/SarahAI/DerivedData/ModuleCache.noindex/SwiftUI-A33Q1LM1MEYLC9NWH4GJB0RMB.pcm /Users/runner/work/SarahAI/SarahAI/DerivedData/ModuleCache.noindex/ptrauth-SNNVMDPQ3VUJBJ3IM942MOJ6.pcm /Users/runner/work/SarahAI/SarahAI/DerivedData/ModuleCache.noindex/Network-3QTERH7MU4IMGTHBX86ECH62X.pcm /Users/runner/work/SarahAI/SarahAI/DerivedData/ModuleCache.noindex/Accessibility-8H8VDNZ67AYVPDAZ530VEO3P9.pcm /Users/runner/work/SarahAI/SarahAI/DerivedData/ModuleCache.noindex/XPC-5TCUUA8O4VMLRDROAB1T02T65.pcm /Users/runner/work/SarahAI/SarahAI/DerivedData/ModuleCache.noindex/UserNotifications-9CYWORK8X1EHSXUD0O5AHT8NE.pcm /Users/runner/work/SarahAI/SarahAI/DerivedData/ModuleCache.noindex/os-CM8DW8JDCPP1W8TVN57G6W5C8.pcm /Users/runner/work/SarahAI/SarahAI/DerivedData/ModuleCache.noindex/CoreAudio-7SDRBTZ6KCGVIBIK3IGYQ4FAW.pcm /Users/runner/work/SarahAI/SarahAI/DerivedData/ModuleCache.noindex/CoreAudioTypes-EZLP9UFCFB73YTGOI5K4UFH94.pcm /Users/runner/work/SarahAI/SarahAI/DerivedData/ModuleCache.noindex/IOSurface-2N001B5ETWRY6TJY40006GVUU.pcm /Users/runner/work/SarahAI/SarahAI/DerivedData/ModuleCache.noindex/Spatial-DZX668H35CI0HFHHY92647NN.pcm /Users/runner/work/SarahAI/SarahAI/DerivedData/ModuleCache.noindex/dnssd-A6R5MWQYUG0M5O0FKYU425Y4B.pcm /Users/runner/work/SarahAI/SarahAI/DerivedData/ModuleCache.noindex/MediaToolbox-2Q1PKI0A9SQCFXC64ATSVHA26.pcm /Users/runner/work/SarahAI/SarahAI/DerivedData/ModuleCache.noindex/AVRouting-27ZY9DV3VE2DQD98NCNUWMZZO.pcm /Users/runner/work/SarahAI/SarahAI/DerivedData/ModuleCache.noindex/DataDetection-2FYB8ZWJH0JHGD3N8ZWSUYHMM.pcm /Users/runner/work/SarahAI/SarahAI/DerivedData/ModuleCache.noindex/_Builtin_tgmath-CHK6LIDLNAOPC11INZEDHPO6D.pcm /Users/runner/work/SarahAI/SarahAI/DerivedData/ModuleCache.noindex/ImageIO-9T0Q0LDSJIH917KKOWTYGENYA.pcm /Users/runner/work/SarahAI/SarahAI/DerivedData/ModuleCache.noindex/CoreText-5T8UAB4M4NNOJJ68X0SJJSSWM.pcm /Users/runner/work/SarahAI/SarahAI/DerivedData/ModuleCache.noindex/_DarwinFoundation3-B9HDKM385A775X9ADZPBJ0EX.pcm /Users/runner/work/SarahAI/SarahAI/DerivedData/ModuleCache.noindex/QuartzCore-275OENWG0R4W6X7OXP40PXLX2.pcm /Users/runner/work/SarahAI/SarahAI/DerivedData/ModuleCache.noindex/CoreTransferable-75BAP77BC2NTSING1OP8XP4D6.pcm /Users/runner/work/SarahAI/SarahAI/DerivedData/ModuleCache.noindex/GLKit-16ZMV4GKTO82AEKJVDUISI0B0.pcm /Users/runner/work/SarahAI/SarahAI/DerivedData/ModuleCache.noindex/_Builtin_intrinsics-DUVMA4TBDPPIQ68VBB33ILUPU.pcm /Users/runner/work/SarahAI/SarahAI/DerivedData/ModuleCache.noindex/Symbols-2S1QRY04UOS12BUTTUSGL8EC7.pcm /Users/runner/work/SarahAI/SarahAI/DerivedData/ModuleCache.noindex/MachO-DVYSICM5RLJZMIYH4OUBIVJB.pcm /Users/runner/work/SarahAI/SarahAI/DerivedData/ModuleCache.noindex/_DarwinFoundation1-4N2E0NZI58HAZI7L0D7LXYRYP.pcm /Users/runner/work/SarahAI/SarahAI/DerivedData/ModuleCache.noindex/_AvailabilityInternal-7KJNBGC7N6PMAGU0FQG3UD035.pcm /Users/runner/work/SarahAI/SarahAI/DerivedData/ModuleCache.noindex/CoreImage-AVEP69UTO6O5G035OTX6MA33E.pcm /Users/runner/work/SarahAI/SarahAI/DerivedData/ModuleCache.noindex/_SwiftConcurrencyShims-CHXW7QVJCB995K6FB874XZJTY.pcm /Users/runner/work/SarahAI/SarahAI/DerivedData/ModuleCache.noindex/Dispatch-4VXWAI5X11VYL3CJLGJRZ2L6G.pcm /Users/runner/work/SarahAI/SarahAI/DerivedData/ModuleCache.noindex/OpenGLES-5W7IUZQ3R2LYMMVKLAON949GI.pcm /Users/runner/work/SarahAI/SarahAI/DerivedData/ModuleCache.noindex/os_object-D4HZEGIU7N3KJ6XM8L3JF7JZR.pcm /Users/runner/work/SarahAI/SarahAI/DerivedData/ModuleCache.noindex/_Builtin_stdint-DAJ3OHFBY57X4C4XYOS829F1E.pcm /Users/runner/work/SarahAI/SarahAI/DerivedData/ModuleCache.noindex/CoreFoundation-9L9QLQX4N5WNVRSYIIPXRVDFC.pcm /Users/runner/work/SarahAI/SarahAI/DerivedData/ModuleCache.noindex/Security-ANB3ZG87ILUD4R930X2I3G3F6.pcm /Users/runner/work/SarahAI/SarahAI/DerivedData/ModuleCache.noindex/_Builtin_inttypes-BUV9QDKMS1T66G0LJ6CUR2OKR.pcm /Users/runner/work/SarahAI/SarahAI/DerivedData/ModuleCache.noindex/UniformTypeIdentifiers-3GY0UZOFH8CU33PPJD464TA5C.pcm /Users/runner/work/SarahAI/SarahAI/DerivedData/ModuleCache.noindex/_Builtin_float-6TC5YB9TAZL99I3OWI2RPHO5U.pcm /Users/runner/work/SarahAI/SarahAI/DerivedData/ModuleCache.noindex/DeveloperToolsSupport-EMI0G5OKIKN3B4IDNVLGW9SJT.pcm /Users/runner/work/SarahAI/SarahAI/DerivedData/ModuleCache.noindex/CoreData-BPHE4X2FT7BC4NQ42WB7Q0UPE.pcm /Users/runner/work/SarahAI/SarahAI/DerivedData/ModuleCache.noindex/AVFoundation-77XSSXSHRFDB34XDSYAF7ZFJ8.pcm /Users/runner/work/SarahAI/SarahAI/DerivedData/ModuleCache.noindex/_DarwinFoundation2-A8C6MCXKJB5YO5WCFULGN4L8K.pcm /Users/runner/work/SarahAI/SarahAI/DerivedData/Build/Intermediates.noindex/SarahIA.build/Release-iphoneos/SarahIA.build/Objects-normal/arm64/SarahIA-dependencies-1.json (in target 'SarahIA' from project 'SarahIA')
	Building project SarahIA with scheme SarahIA and configuration Release
(3 failures)
